[2022-06-17 19:29:11.879] [Thread:11414] [poller.cpp:104 Update_channel()] [DEBUG] fd = 5 events = 3 index = -1
[2022-06-17 19:29:11.879] [Thread:11414] [eventloop.cpp:70 EventLoop()] [INFO] EventLoop created:0x7fff0d19e310 in thread:11414
[2022-06-17 19:29:11.879] [Thread:11414] [poller.cpp:104 Update_channel()] [DEBUG] fd = 3 events = 3 index = -1
[2022-06-17 19:29:11.879] [Thread:11414] [poller.cpp:104 Update_channel()] [DEBUG] fd = 6 events = 3 index = -1
[2022-06-17 19:29:11.879] [Thread:11414] [thread.cpp:31 Thread()] [INFO] Thread: webserver0 Create
[2022-06-17 19:29:11.879] [Thread:11424] [poller.cpp:104 Update_channel()] [DEBUG] fd = 10 events = 3 index = -1
[2022-06-17 19:29:11.879] [Thread:11424] [eventloop.cpp:70 EventLoop()] [INFO] EventLoop created:0x7f718b3e2b30 in thread:11424
[2022-06-17 19:29:11.879] [Thread:11424] [poller.cpp:104 Update_channel()] [DEBUG] fd = 8 events = 3 index = -1
[2022-06-17 19:29:11.879] [Thread:11414] [thread.cpp:31 Thread()] [INFO] Thread: webserver1 Create
[2022-06-17 19:29:11.879] [Thread:11425] [poller.cpp:104 Update_channel()] [DEBUG] fd = 13 events = 3 index = -1
[2022-06-17 19:29:11.879] [Thread:11425] [eventloop.cpp:70 EventLoop()] [INFO] EventLoop created:0x7f718abe1b30 in thread:11425
[2022-06-17 19:29:11.879] [Thread:11425] [poller.cpp:104 Update_channel()] [DEBUG] fd = 11 events = 3 index = -1
[2022-06-17 19:29:11.879] [Thread:11414] [thread.cpp:31 Thread()] [INFO] Thread: webserver2 Create
[2022-06-17 19:29:11.879] [Thread:11426] [poller.cpp:104 Update_channel()] [DEBUG] fd = 16 events = 3 index = -1
[2022-06-17 19:29:11.879] [Thread:11426] [eventloop.cpp:70 EventLoop()] [INFO] EventLoop created:0x7f718a3e0b30 in thread:11426
[2022-06-17 19:29:11.879] [Thread:11426] [poller.cpp:104 Update_channel()] [DEBUG] fd = 14 events = 3 index = -1
[2022-06-17 19:29:11.879] [Thread:11414] [thread.cpp:31 Thread()] [INFO] Thread: webserver3 Create
[2022-06-17 19:29:11.879] [Thread:11427] [poller.cpp:104 Update_channel()] [DEBUG] fd = 19 events = 3 index = -1
[2022-06-17 19:29:11.879] [Thread:11427] [eventloop.cpp:70 EventLoop()] [INFO] EventLoop created:0x7f7189bdfb30 in thread:11427
[2022-06-17 19:29:11.879] [Thread:11427] [poller.cpp:104 Update_channel()] [DEBUG] fd = 17 events = 3 index = -1
[2022-06-17 19:30:37.595] [Thread:12103] [poller.cpp:104 Update_channel()] [DEBUG] fd = 5 events = 3 index = -1
[2022-06-17 19:30:37.595] [Thread:12103] [eventloop.cpp:70 EventLoop()] [INFO] EventLoop created:0x7ffd56dd1d50 in thread:12103
[2022-06-17 19:30:37.595] [Thread:12103] [poller.cpp:104 Update_channel()] [DEBUG] fd = 3 events = 3 index = -1
[2022-06-17 19:30:37.595] [Thread:12103] [poller.cpp:104 Update_channel()] [DEBUG] fd = 6 events = 3 index = -1
[2022-06-17 19:30:37.595] [Thread:12103] [thread.cpp:31 Thread()] [INFO] Thread: webserver0 Create
[2022-06-17 19:30:37.595] [Thread:12104] [poller.cpp:104 Update_channel()] [DEBUG] fd = 10 events = 3 index = -1
[2022-06-17 19:30:37.596] [Thread:12104] [eventloop.cpp:70 EventLoop()] [INFO] EventLoop created:0x7f28ce4f4b30 in thread:12104
[2022-06-17 19:30:37.596] [Thread:12104] [poller.cpp:104 Update_channel()] [DEBUG] fd = 8 events = 3 index = -1
[2022-06-17 19:30:37.596] [Thread:12103] [thread.cpp:31 Thread()] [INFO] Thread: webserver1 Create
[2022-06-17 19:30:37.596] [Thread:12105] [poller.cpp:104 Update_channel()] [DEBUG] fd = 13 events = 3 index = -1
[2022-06-17 19:30:37.596] [Thread:12105] [eventloop.cpp:70 EventLoop()] [INFO] EventLoop created:0x7f28cdcf3b30 in thread:12105
[2022-06-17 19:30:37.596] [Thread:12105] [poller.cpp:104 Update_channel()] [DEBUG] fd = 11 events = 3 index = -1
[2022-06-17 19:30:37.596] [Thread:12103] [thread.cpp:31 Thread()] [INFO] Thread: webserver2 Create
[2022-06-17 19:30:37.596] [Thread:12106] [poller.cpp:104 Update_channel()] [DEBUG] fd = 16 events = 3 index = -1
[2022-06-17 19:30:37.596] [Thread:12106] [eventloop.cpp:70 EventLoop()] [INFO] EventLoop created:0x7f28cd4f2b30 in thread:12106
[2022-06-17 19:30:37.596] [Thread:12106] [poller.cpp:104 Update_channel()] [DEBUG] fd = 14 events = 3 index = -1
[2022-06-17 19:30:37.596] [Thread:12103] [thread.cpp:31 Thread()] [INFO] Thread: webserver3 Create
[2022-06-17 19:30:37.596] [Thread:12107] [poller.cpp:104 Update_channel()] [DEBUG] fd = 19 events = 3 index = -1
[2022-06-17 19:30:37.596] [Thread:12107] [eventloop.cpp:70 EventLoop()] [INFO] EventLoop created:0x7f28cccf1b30 in thread:12107
[2022-06-17 19:30:37.596] [Thread:12107] [poller.cpp:104 Update_channel()] [DEBUG] fd = 17 events = 3 index = -1
[2022-06-17 19:30:37.596] [Thread:12103] [httpserver.cpp:79 Start()] [INFO] HttpServer [webserver] starts listening on 127.0.0.1:8000
[2022-06-17 19:30:40.238] [Thread:12103] [tcpserver.cpp:18 New_connection()] [INFO] New_connection webserver] new connection [webserver-#1] from127.0.0.1:41676
[2022-06-17 19:30:40.238] [Thread:12103] [poller.cpp:104 Update_channel()] [DEBUG] fd = 20 events = 3 index = -1
[2022-06-17 19:30:40.238] [Thread:12103] [httpserver.cpp:19 Connection()] [INFO] Get connection
[2022-06-17 19:30:40.238] [Thread:12103] [tcpserver.cpp:18 New_connection()] [INFO] New_connection webserver] new connection [webserver-#2] from127.0.0.1:41678
[2022-06-17 19:30:40.238] [Thread:12103] [poller.cpp:104 Update_channel()] [DEBUG] fd = 21 events = 3 index = -1
[2022-06-17 19:30:40.238] [Thread:12103] [httpserver.cpp:19 Connection()] [INFO] Get connection
[2022-06-17 19:30:40.246] [Thread:12103] [httpserver.cpp:32 Message()] [DEBUG] From 127.0.0.1:41676 get message:
GET / HTTP/1.1
Host: 127.0.0.1:8000
Connection: keep-alive
sec-ch-ua: " Not A;Brand";v="99", "Chromium";v="101", "Google Chrome";v="101"
sec-ch-ua-mobile: ?0
sec-ch-ua-platform: "Linux"
Upgrade-Insecure-Requests: 1
User-Agent: Mozilla/5.0 (X11; Linux x86_64) AppleWebKit/537.36 (KHTML, like Gecko) Chrome/101.0.0.0 Safari/537.36
Accept: text/html,application/xhtml+xml,application/xml;q=0.9,image/avif,image/webp,image/apng,*/*;q=0.8,application/signed-exchange;v=b3;q=0.9
Sec-Fetch-Site: none
Sec-Fetch-Mode: navigate
Sec-Fetch-User: ?1
Sec-Fetch-Dest: document
Accept-Encoding: gzip, deflate, br
Accept-Language: en-US,en;q=0.9,zh-CN;q=0.8,zh;q=0.7
If-Modified-Since: Mon, 13 Jun 2022 20:41:40 GMT


[2022-06-17 19:30:40.246] [Thread:12104] [httpprocess.cpp:41 Get_process()] [DEBUG] File:/home/nefertarii/vscode/CPP_Server/HTML/index.html
[2022-06-17 19:30:40.246] [Thread:12104] [httpprocess.cpp:384 Request_process()] [INFO] 127.0.0.1:41676 Request processed successfully.
[2022-06-17 19:30:40.455] [Thread:12103] [tcpconnection.cpp:60 Handle_close()] [INFO] Channel fd:20 state:connected
[2022-06-17 19:30:40.455] [Thread:12103] [poller.cpp:104 Update_channel()] [DEBUG] fd = 20 events = 0 index = 1
[2022-06-17 19:30:40.455] [Thread:12103] [tcpserver.cpp:39 Remove_connection_in_loop()] [INFO] Remove [webserver] connection webserver-#1
[2022-06-17 19:30:40.455] [Thread:12103] [poller.cpp:136 Remove_channel()] [INFO] Remove fd:20
[2022-06-17 19:30:40.455] [Thread:12103] [tcpconnection.cpp:383 ~TcpConnection()] [INFO] TcpConnection[webserver-#1] dtor at 0x55b3a1d79530 fd:20 state:disconnected
[2022-06-17 19:30:40.462] [Thread:12105] [httpprocess.cpp:41 Get_process()] [DEBUG] File:/home/nefertarii/vscode/CPP_Server/HTML/Resource/CSS/Resource/CSS/Color.css
[2022-06-17 19:30:40.462] [Thread:12103] [httpserver.cpp:32 Message()] [DEBUG] From 127.0.0.1:41678 get message:
GET /Resource/CSS/Resource/CSS/Color.css HTTP/1.1
Host: 127.0.0.1:8000
Connection: keep-alive
sec-ch-ua: " Not A;Brand";v="99", "Chromium";v="101", "Google Chrome";v="101"
sec-ch-ua-mobile: ?0
User-Agent: Mozilla/5.0 (X11; Linux x86_64) AppleWebKit/537.36 (KHTML, like Gecko) Chrome/101.0.0.0 Safari/537.36
sec-ch-ua-platform: "Linux"
Accept: text/css,*/*;q=0.1
Sec-Fetch-Site: same-origin
Sec-Fetch-Mode: no-cors
Sec-Fetch-Dest: style
Referer: http://127.0.0.1:8000/Resource/CSS/index.css
Accept-Encoding: gzip, deflate, br
Accept-Language: en-US,en;q=0.9,zh-CN;q=0.8,zh;q=0.7
If-Modified-Since: Thu, 16 Jun 2022 20:06:51 GMT


[2022-06-17 19:30:40.469] [Thread:12103] [tcpserver.cpp:18 New_connection()] [INFO] New_connection webserver] new connection [webserver-#3] from127.0.0.1:41680
[2022-06-17 19:30:40.469] [Thread:12103] [poller.cpp:104 Update_channel()] [DEBUG] fd = 20 events = 3 index = -1
[2022-06-17 19:30:40.469] [Thread:12103] [httpserver.cpp:19 Connection()] [INFO] Get connection
[2022-06-17 19:30:40.469] [Thread:12106] [httpprocess.cpp:41 Get_process()] [DEBUG] File:/home/nefertarii/vscode/CPP_Server/HTML/Resource/JS/Login.js
[2022-06-17 19:30:40.469] [Thread:12106] [httpprocess.cpp:384 Request_process()] [INFO] 127.0.0.1:41680 Request processed successfully.
[2022-06-17 19:30:40.469] [Thread:12103] [httpserver.cpp:32 Message()] [DEBUG] From 127.0.0.1:41680 get message:
GET /Resource/JS/Login.js HTTP/1.1
Host: 127.0.0.1:8000
Connection: keep-alive
sec-ch-ua: " Not A;Brand";v="99", "Chromium";v="101", "Google Chrome";v="101"
sec-ch-ua-mobile: ?0
User-Agent: Mozilla/5.0 (X11; Linux x86_64) AppleWebKit/537.36 (KHTML, like Gecko) Chrome/101.0.0.0 Safari/537.36
sec-ch-ua-platform: "Linux"
Accept: */*
Sec-Fetch-Site: same-origin
Sec-Fetch-Mode: no-cors
Sec-Fetch-Dest: script
Referer: http://127.0.0.1:8000/
Accept-Encoding: gzip, deflate, br
Accept-Language: en-US,en;q=0.9,zh-CN;q=0.8,zh;q=0.7
If-Modified-Since: Thu, 16 Jun 2022 19:15:05 GMT


[2022-06-17 19:30:40.489] [Thread:12105] [httpprocess.cpp:43 Get_process()] [ERROR] Can't find file:/home/nefertarii/vscode/CPP_Server/HTML/Resource/CSS/Resource/CSS/Color.css
[2022-06-17 19:30:40.489] [Thread:12105] [httpprocess.cpp:366 Request_process()] [ERROR] 127.0.0.1:41678 Request phase fail: processed request
[2022-06-17 19:30:40.489] [Thread:12105] [httpprocess.cpp:41 Get_process()] [DEBUG] File:/home/nefertarii/vscode/CPP_Server/HTML/Errorpage/Page404.html
[2022-06-17 19:30:40.489] [Thread:12105] [httpprocess.cpp:333 Send_bad_respone()] [INFO] Get process error, Send 404 Page
[2022-06-17 19:30:40.675] [Thread:12103] [tcpconnection.cpp:60 Handle_close()] [INFO] Channel fd:20 state:connected
[2022-06-17 19:30:40.675] [Thread:12103] [poller.cpp:104 Update_channel()] [DEBUG] fd = 20 events = 0 index = 1
[2022-06-17 19:30:40.675] [Thread:12103] [tcpserver.cpp:39 Remove_connection_in_loop()] [INFO] Remove [webserver] connection webserver-#3
[2022-06-17 19:30:40.675] [Thread:12103] [poller.cpp:136 Remove_channel()] [INFO] Remove fd:20
[2022-06-17 19:30:40.675] [Thread:12103] [tcpconnection.cpp:383 ~TcpConnection()] [INFO] TcpConnection[webserver-#3] dtor at 0x55b3a1d79530 fd:20 state:disconnected
[2022-06-17 19:30:40.695] [Thread:12103] [tcpconnection.cpp:60 Handle_close()] [INFO] Channel fd:21 state:connected
[2022-06-17 19:30:40.695] [Thread:12103] [poller.cpp:104 Update_channel()] [DEBUG] fd = 21 events = 0 index = 1
[2022-06-17 19:30:40.695] [Thread:12103] [tcpserver.cpp:39 Remove_connection_in_loop()] [INFO] Remove [webserver] connection webserver-#2
[2022-06-17 19:30:40.695] [Thread:12103] [poller.cpp:136 Remove_channel()] [INFO] Remove fd:21
[2022-06-17 19:30:40.695] [Thread:12103] [tcpconnection.cpp:383 ~TcpConnection()] [INFO] TcpConnection[webserver-#2] dtor at 0x55b3a1d7b300 fd:21 state:disconnected
[2022-06-17 19:30:40.743] [Thread:12103] [tcpserver.cpp:18 New_connection()] [INFO] New_connection webserver] new connection [webserver-#4] from127.0.0.1:41682
[2022-06-17 19:30:40.743] [Thread:12103] [poller.cpp:104 Update_channel()] [DEBUG] fd = 20 events = 3 index = -1
[2022-06-17 19:30:40.743] [Thread:12103] [httpserver.cpp:19 Connection()] [INFO] Get connection
[2022-06-17 19:30:40.743] [Thread:12103] [httpserver.cpp:32 Message()] [DEBUG] From 127.0.0.1:41682 get message:
GET /Resource/CSS/Resource/Image/png/Cat1_32.png HTTP/1.1
Host: 127.0.0.1:8000
Connection: keep-alive
sec-ch-ua: " Not A;Brand";v="99", "Chromium";v="101", "Google Chrome";v="101"
sec-ch-ua-mobile: ?0
User-Agent: Mozilla/5.0 (X11; Linux x86_64) AppleWebKit/537.36 (KHTML, like Gecko) Chrome/101.0.0.0 Safari/537.36
sec-ch-ua-platform: "Linux"
Accept: image/avif,image/webp,image/apng,image/svg+xml,image/*,*/*;q=0.8
Sec-Fetch-Site: same-origin
Sec-Fetch-Mode: no-cors
Sec-Fetch-Dest: image
Referer: http://127.0.0.1:8000/Resource/CSS/index.css
Accept-Encoding: gzip, deflate, br
Accept-Language: en-US,en;q=0.9,zh-CN;q=0.8,zh;q=0.7
If-Modified-Since: Thu, 16 Jun 2022 20:06:51 GMT


[2022-06-17 19:30:40.743] [Thread:12107] [httpprocess.cpp:41 Get_process()] [DEBUG] File:/home/nefertarii/vscode/CPP_Server/HTML/Resource/CSS/Resource/Image/png/Cat1_32.png
[2022-06-17 19:30:40.743] [Thread:12107] [httpprocess.cpp:43 Get_process()] [ERROR] Can't find file:/home/nefertarii/vscode/CPP_Server/HTML/Resource/CSS/Resource/Image/png/Cat1_32.png
[2022-06-17 19:30:40.743] [Thread:12107] [httpprocess.cpp:366 Request_process()] [ERROR] 127.0.0.1:41682 Request phase fail: processed request
[2022-06-17 19:30:40.743] [Thread:12107] [httpprocess.cpp:41 Get_process()] [DEBUG] File:/home/nefertarii/vscode/CPP_Server/HTML/Errorpage/Page404.html
[2022-06-17 19:30:40.743] [Thread:12107] [httpprocess.cpp:333 Send_bad_respone()] [INFO] Get process error, Send 404 Page
[2022-06-17 19:30:40.951] [Thread:12103] [tcpconnection.cpp:60 Handle_close()] [INFO] Channel fd:20 state:connected
[2022-06-17 19:30:40.951] [Thread:12103] [poller.cpp:104 Update_channel()] [DEBUG] fd = 20 events = 0 index = 1
[2022-06-17 19:30:40.951] [Thread:12103] [tcpserver.cpp:39 Remove_connection_in_loop()] [INFO] Remove [webserver] connection webserver-#4
[2022-06-17 19:30:40.951] [Thread:12103] [poller.cpp:136 Remove_channel()] [INFO] Remove fd:20
[2022-06-17 19:30:40.951] [Thread:12103] [tcpconnection.cpp:383 ~TcpConnection()] [INFO] TcpConnection[webserver-#4] dtor at 0x55b3a1d7b300 fd:20 state:disconnected
[2022-06-17 19:31:15.522] [Thread:12103] [tcpserver.cpp:18 New_connection()] [INFO] New_connection webserver] new connection [webserver-#5] from127.0.0.1:41684
[2022-06-17 19:31:15.522] [Thread:12103] [poller.cpp:104 Update_channel()] [DEBUG] fd = 20 events = 3 index = -1
[2022-06-17 19:31:15.522] [Thread:12103] [httpserver.cpp:19 Connection()] [INFO] Get connection
[2022-06-17 19:31:15.522] [Thread:12103] [tcpserver.cpp:18 New_connection()] [INFO] New_connection webserver] new connection [webserver-#6] from127.0.0.1:41686
[2022-06-17 19:31:15.522] [Thread:12103] [poller.cpp:104 Update_channel()] [DEBUG] fd = 21 events = 3 index = -1
[2022-06-17 19:31:15.522] [Thread:12103] [httpserver.cpp:19 Connection()] [INFO] Get connection
[2022-06-17 19:31:15.524] [Thread:12103] [httpserver.cpp:32 Message()] [DEBUG] From 127.0.0.1:41684 get message:
GET / HTTP/1.1
Host: 127.0.0.1:8000
Connection: keep-alive
Pragma: no-cache
Cache-Control: no-cache
sec-ch-ua: " Not A;Brand";v="99", "Chromium";v="101", "Google Chrome";v="101"
sec-ch-ua-mobile: ?0
sec-ch-ua-platform: "Linux"
Upgrade-Insecure-Requests: 1
User-Agent: Mozilla/5.0 (X11; Linux x86_64) AppleWebKit/537.36 (KHTML, like Gecko) Chrome/101.0.0.0 Safari/537.36
Accept: text/html,application/xhtml+xml,application/xml;q=0.9,image/avif,image/webp,image/apng,*/*;q=0.8,application/signed-exchange;v=b3;q=0.9
Sec-Fetch-Site: none
Sec-Fetch-Mode: navigate
Sec-Fetch-User: ?1
Sec-Fetch-Dest: document
Accept-Encoding: gzip, deflate, br
Accept-Language: en-US,en;q=0.9,zh-CN;q=0.8,zh;q=0.7


[2022-06-17 19:31:15.524] [Thread:12104] [httpprocess.cpp:41 Get_process()] [DEBUG] File:/home/nefertarii/vscode/CPP_Server/HTML/index.html
[2022-06-17 19:31:15.524] [Thread:12104] [httpprocess.cpp:384 Request_process()] [INFO] 127.0.0.1:41684 Request processed successfully.
[2022-06-17 19:31:15.542] [Thread:12103] [httpserver.cpp:32 Message()] [DEBUG] From 127.0.0.1:41686 get message:
GET /Resource/CSS/Background.css HTTP/1.1
Host: 127.0.0.1:8000
Connection: keep-alive
Pragma: no-cache
Cache-Control: no-cache
sec-ch-ua: " Not A;Brand";v="99", "Chromium";v="101", "Google Chrome";v="101"
sec-ch-ua-mobile: ?0
User-Agent: Mozilla/5.0 (X11; Linux x86_64) AppleWebKit/537.36 (KHTML, like Gecko) Chrome/101.0.0.0 Safari/537.36
sec-ch-ua-platform: "Linux"
Accept: text/css,*/*;q=0.1
Sec-Fetch-Site: same-origin
Sec-Fetch-Mode: no-cors
Sec-Fetch-Dest: style
Referer: http://127.0.0.1:8000/
Accept-Encoding: gzip, deflate, br
Accept-Language: en-US,en;q=0.9,zh-CN;q=0.8,zh;q=0.7


[2022-06-17 19:31:15.542] [Thread:12105] [httpprocess.cpp:41 Get_process()] [DEBUG] File:/home/nefertarii/vscode/CPP_Server/HTML/Resource/CSS/Background.css
[2022-06-17 19:31:15.542] [Thread:12105] [httpprocess.cpp:384 Request_process()] [INFO] 127.0.0.1:41686 Request processed successfully.
[2022-06-17 19:31:15.543] [Thread:12103] [tcpserver.cpp:18 New_connection()] [INFO] New_connection webserver] new connection [webserver-#7] from127.0.0.1:41688
[2022-06-17 19:31:15.543] [Thread:12103] [poller.cpp:104 Update_channel()] [DEBUG] fd = 22 events = 3 index = -1
[2022-06-17 19:31:15.543] [Thread:12103] [httpserver.cpp:19 Connection()] [INFO] Get connection
[2022-06-17 19:31:15.543] [Thread:12106] [httpprocess.cpp:41 Get_process()] [DEBUG] File:/home/nefertarii/vscode/CPP_Server/HTML/Resource/CSS/Followleft.css
[2022-06-17 19:31:15.543] [Thread:12106] [httpprocess.cpp:384 Request_process()] [INFO] 127.0.0.1:41688 Request processed successfully.
[2022-06-17 19:31:15.543] [Thread:12103] [httpserver.cpp:32 Message()] [DEBUG] From 127.0.0.1:41688 get message:
GET /Resource/CSS/Followleft.css HTTP/1.1
Host: 127.0.0.1:8000
Connection: keep-alive
Pragma: no-cache
Cache-Control: no-cache
sec-ch-ua: " Not A;Brand";v="99", "Chromium";v="101", "Google Chrome";v="101"
sec-ch-ua-mobile: ?0
User-Agent: Mozilla/5.0 (X11; Linux x86_64) AppleWebKit/537.36 (KHTML, like Gecko) Chrome/101.0.0.0 Safari/537.36
sec-ch-ua-platform: "Linux"
Accept: text/css,*/*;q=0.1
Sec-Fetch-Site: same-origin
Sec-Fetch-Mode: no-cors
Sec-Fetch-Dest: style
Referer: http://127.0.0.1:8000/
Accept-Encoding: gzip, deflate, br
Accept-Language: en-US,en;q=0.9,zh-CN;q=0.8,zh;q=0.7


[2022-06-17 19:31:15.544] [Thread:12103] [tcpserver.cpp:18 New_connection()] [INFO] New_connection webserver] new connection [webserver-#8] from127.0.0.1:41690
[2022-06-17 19:31:15.544] [Thread:12103] [poller.cpp:104 Update_channel()] [DEBUG] fd = 23 events = 3 index = -1
[2022-06-17 19:31:15.544] [Thread:12103] [httpserver.cpp:19 Connection()] [INFO] Get connection
[2022-06-17 19:31:15.544] [Thread:12103] [httpserver.cpp:32 Message()] [DEBUG] From 127.0.0.1:41690 get message:
GET /Resource/CSS/Footer.css HTTP/1.1
Host: 127.0.0.1:8000
Connection: keep-alive
Pragma: no-cache
Cache-Control: no-cache
sec-ch-ua: " Not A;Brand";v="99", "Chromium";v="101", "Google Chrome";v="101"
sec-ch-ua-mobile: ?0
User-Agent: Mozilla/5.0 (X11; Linux x86_64) AppleWebKit/537.36 (KHTML, like Gecko) Chrome/101.0.0.0 Safari/537.36
sec-ch-ua-platform: "Linux"
Accept: text/css,*/*;q=0.1
Sec-Fetch-Site: same-origin
Sec-Fetch-Mode: no-cors
Sec-Fetch-Dest: style
Referer: http://127.0.0.1:8000/
Accept-Encoding: gzip, deflate, br
Accept-Language: en-US,en;q=0.9,zh-CN;q=0.8,zh;q=0.7


[2022-06-17 19:31:15.544] [Thread:12107] [httpprocess.cpp:41 Get_process()] [DEBUG] File:/home/nefertarii/vscode/CPP_Server/HTML/Resource/CSS/Footer.css
[2022-06-17 19:31:15.545] [Thread:12107] [httpprocess.cpp:384 Request_process()] [INFO] 127.0.0.1:41690 Request processed successfully.
[2022-06-17 19:31:15.545] [Thread:12103] [tcpserver.cpp:18 New_connection()] [INFO] New_connection webserver] new connection [webserver-#9] from127.0.0.1:41692
[2022-06-17 19:31:15.545] [Thread:12103] [poller.cpp:104 Update_channel()] [DEBUG] fd = 24 events = 3 index = -1
[2022-06-17 19:31:15.545] [Thread:12103] [httpserver.cpp:19 Connection()] [INFO] Get connection
[2022-06-17 19:31:15.545] [Thread:12104] [httpprocess.cpp:41 Get_process()] [DEBUG] File:/home/nefertarii/vscode/CPP_Server/HTML/Resource/CSS/index.css
[2022-06-17 19:31:15.545] [Thread:12104] [httpprocess.cpp:384 Request_process()] [INFO] 127.0.0.1:41692 Request processed successfully.
[2022-06-17 19:31:15.545] [Thread:12103] [httpserver.cpp:32 Message()] [DEBUG] From 127.0.0.1:41692 get message:
GET /Resource/CSS/index.css HTTP/1.1
Host: 127.0.0.1:8000
Connection: keep-alive
Pragma: no-cache
Cache-Control: no-cache
sec-ch-ua: " Not A;Brand";v="99", "Chromium";v="101", "Google Chrome";v="101"
sec-ch-ua-mobile: ?0
User-Agent: Mozilla/5.0 (X11; Linux x86_64) AppleWebKit/537.36 (KHTML, like Gecko) Chrome/101.0.0.0 Safari/537.36
sec-ch-ua-platform: "Linux"
Accept: text/css,*/*;q=0.1
Sec-Fetch-Site: same-origin
Sec-Fetch-Mode: no-cors
Sec-Fetch-Dest: style
Referer: http://127.0.0.1:8000/
Accept-Encoding: gzip, deflate, br
Accept-Language: en-US,en;q=0.9,zh-CN;q=0.8,zh;q=0.7


[2022-06-17 19:31:15.731] [Thread:12103] [tcpconnection.cpp:60 Handle_close()] [INFO] Channel fd:20 state:connected
[2022-06-17 19:31:15.731] [Thread:12103] [poller.cpp:104 Update_channel()] [DEBUG] fd = 20 events = 0 index = 1
[2022-06-17 19:31:15.731] [Thread:12103] [tcpserver.cpp:39 Remove_connection_in_loop()] [INFO] Remove [webserver] connection webserver-#5
[2022-06-17 19:31:15.731] [Thread:12103] [poller.cpp:136 Remove_channel()] [INFO] Remove fd:20
[2022-06-17 19:31:15.731] [Thread:12103] [tcpconnection.cpp:383 ~TcpConnection()] [INFO] TcpConnection[webserver-#5] dtor at 0x55b3a1d7b300 fd:20 state:disconnected
[2022-06-17 19:31:15.736] [Thread:12103] [tcpserver.cpp:18 New_connection()] [INFO] New_connection webserver] new connection [webserver-#10] from127.0.0.1:41694
[2022-06-17 19:31:15.736] [Thread:12103] [poller.cpp:104 Update_channel()] [DEBUG] fd = 20 events = 3 index = -1
[2022-06-17 19:31:15.736] [Thread:12103] [httpserver.cpp:19 Connection()] [INFO] Get connection
[2022-06-17 19:31:15.736] [Thread:12103] [httpserver.cpp:32 Message()] [DEBUG] From 127.0.0.1:41694 get message:
GET /Resource/JS/Bgstar.js HTTP/1.1
Host: 127.0.0.1:8000
Connection: keep-alive
Pragma: no-cache
Cache-Control: no-cache
sec-ch-ua: " Not A;Brand";v="99", "Chromium";v="101", "Google Chrome";v="101"
sec-ch-ua-mobile: ?0
User-Agent: Mozilla/5.0 (X11; Linux x86_64) AppleWebKit/537.36 (KHTML, like Gecko) Chrome/101.0.0.0 Safari/537.36
sec-ch-ua-platform: "Linux"
Accept: */*
Sec-Fetch-Site: same-origin
Sec-Fetch-Mode: no-cors
Sec-Fetch-Dest: script
Referer: http://127.0.0.1:8000/
Accept-Encoding: gzip, deflate, br
Accept-Language: en-US,en;q=0.9,zh-CN;q=0.8,zh;q=0.7


[2022-06-17 19:31:15.736] [Thread:12105] [httpprocess.cpp:41 Get_process()] [DEBUG] File:/home/nefertarii/vscode/CPP_Server/HTML/Resource/JS/Bgstar.js
[2022-06-17 19:31:15.736] [Thread:12105] [httpprocess.cpp:384 Request_process()] [INFO] 127.0.0.1:41694 Request processed successfully.
[2022-06-17 19:31:15.738] [Thread:12103] [tcpserver.cpp:18 New_connection()] [INFO] New_connection webserver] new connection [webserver-#11] from127.0.0.1:41696
[2022-06-17 19:31:15.738] [Thread:12103] [poller.cpp:104 Update_channel()] [DEBUG] fd = 25 events = 3 index = -1
[2022-06-17 19:31:15.738] [Thread:12103] [httpserver.cpp:19 Connection()] [INFO] Get connection
[2022-06-17 19:31:15.738] [Thread:12103] [httpserver.cpp:32 Message()] [DEBUG] From 127.0.0.1:41696 get message:
GET /Resource/JS/Login.js HTTP/1.1
Host: 127.0.0.1:8000
Connection: keep-alive
Pragma: no-cache
Cache-Control: no-cache
sec-ch-ua: " Not A;Brand";v="99", "Chromium";v="101", "Google Chrome";v="101"
sec-ch-ua-mobile: ?0
User-Agent: Mozilla/5.0 (X11; Linux x86_64) AppleWebKit/537.36 (KHTML, like Gecko) Chrome/101.0.0.0 Safari/537.36
sec-ch-ua-platform: "Linux"
Accept: */*
Sec-Fetch-Site: same-origin
Sec-Fetch-Mode: no-cors
Sec-Fetch-Dest: script
Referer: http://127.0.0.1:8000/
Accept-Encoding: gzip, deflate, br
Accept-Language: en-US,en;q=0.9,zh-CN;q=0.8,zh;q=0.7


[2022-06-17 19:31:15.738] [Thread:12106] [httpprocess.cpp:41 Get_process()] [DEBUG] File:/home/nefertarii/vscode/CPP_Server/HTML/Resource/JS/Login.js
[2022-06-17 19:31:15.739] [Thread:12106] [httpprocess.cpp:384 Request_process()] [INFO] 127.0.0.1:41696 Request processed successfully.
[2022-06-17 19:31:15.747] [Thread:12103] [tcpconnection.cpp:60 Handle_close()] [INFO] Channel fd:21 state:connected
[2022-06-17 19:31:15.747] [Thread:12103] [poller.cpp:104 Update_channel()] [DEBUG] fd = 21 events = 0 index = 1
[2022-06-17 19:31:15.747] [Thread:12103] [tcpserver.cpp:39 Remove_connection_in_loop()] [INFO] Remove [webserver] connection webserver-#6
[2022-06-17 19:31:15.747] [Thread:12103] [poller.cpp:136 Remove_channel()] [INFO] Remove fd:21
[2022-06-17 19:31:15.747] [Thread:12103] [tcpconnection.cpp:383 ~TcpConnection()] [INFO] TcpConnection[webserver-#6] dtor at 0x55b3a1d79530 fd:21 state:disconnected
[2022-06-17 19:31:15.751] [Thread:12103] [tcpconnection.cpp:60 Handle_close()] [INFO] Channel fd:24 state:connected
[2022-06-17 19:31:15.751] [Thread:12103] [poller.cpp:104 Update_channel()] [DEBUG] fd = 24 events = 0 index = 1
[2022-06-17 19:31:15.751] [Thread:12103] [tcpserver.cpp:39 Remove_connection_in_loop()] [INFO] Remove [webserver] connection webserver-#9
[2022-06-17 19:31:15.751] [Thread:12103] [poller.cpp:136 Remove_channel()] [INFO] Remove fd:24
[2022-06-17 19:31:15.751] [Thread:12103] [tcpconnection.cpp:383 ~TcpConnection()] [INFO] TcpConnection[webserver-#9] dtor at 0x55b3a1d835e0 fd:24 state:disconnected
[2022-06-17 19:31:15.751] [Thread:12103] [tcpconnection.cpp:60 Handle_close()] [INFO] Channel fd:23 state:connected
[2022-06-17 19:31:15.751] [Thread:12103] [poller.cpp:104 Update_channel()] [DEBUG] fd = 23 events = 0 index = 1
[2022-06-17 19:31:15.751] [Thread:12103] [tcpserver.cpp:39 Remove_connection_in_loop()] [INFO] Remove [webserver] connection webserver-#8
[2022-06-17 19:31:15.751] [Thread:12103] [poller.cpp:136 Remove_channel()] [INFO] Remove fd:23
[2022-06-17 19:31:15.751] [Thread:12103] [tcpconnection.cpp:383 ~TcpConnection()] [INFO] TcpConnection[webserver-#8] dtor at 0x55b3a1d82e90 fd:23 state:disconnected
[2022-06-17 19:31:15.751] [Thread:12103] [tcpconnection.cpp:60 Handle_close()] [INFO] Channel fd:22 state:connected
[2022-06-17 19:31:15.751] [Thread:12103] [poller.cpp:104 Update_channel()] [DEBUG] fd = 22 events = 0 index = 1
[2022-06-17 19:31:15.752] [Thread:12103] [tcpserver.cpp:39 Remove_connection_in_loop()] [INFO] Remove [webserver] connection webserver-#7
[2022-06-17 19:31:15.752] [Thread:12103] [poller.cpp:136 Remove_channel()] [INFO] Remove fd:22
[2022-06-17 19:31:15.752] [Thread:12103] [tcpconnection.cpp:383 ~TcpConnection()] [INFO] TcpConnection[webserver-#7] dtor at 0x55b3a1d825d0 fd:22 state:disconnected
[2022-06-17 19:31:15.752] [Thread:12103] [tcpserver.cpp:18 New_connection()] [INFO] New_connection webserver] new connection [webserver-#12] from127.0.0.1:41698
[2022-06-17 19:31:15.752] [Thread:12103] [poller.cpp:104 Update_channel()] [DEBUG] fd = 21 events = 3 index = -1
[2022-06-17 19:31:15.753] [Thread:12103] [httpserver.cpp:19 Connection()] [INFO] Get connection
[2022-06-17 19:31:15.753] [Thread:12103] [httpserver.cpp:32 Message()] [DEBUG] From 127.0.0.1:41698 get message:
GET /Resource/CSS/Color.css HTTP/1.1
Host: 127.0.0.1:8000
Connection: keep-alive
Pragma: no-cache
Cache-Control: no-cache
sec-ch-ua: " Not A;Brand";v="99", "Chromium";v="101", "Google Chrome";v="101"
sec-ch-ua-mobile: ?0
User-Agent: Mozilla/5.0 (X11; Linux x86_64) AppleWebKit/537.36 (KHTML, like Gecko) Chrome/101.0.0.0 Safari/537.36
sec-ch-ua-platform: "Linux"
Accept: text/css,*/*;q=0.1
Sec-Fetch-Site: same-origin
Sec-Fetch-Mode: no-cors
Sec-Fetch-Dest: style
Referer: http://127.0.0.1:8000/Resource/CSS/Background.css
Accept-Encoding: gzip, deflate, br
Accept-Language: en-US,en;q=0.9,zh-CN;q=0.8,zh;q=0.7


[2022-06-17 19:31:15.753] [Thread:12107] [httpprocess.cpp:41 Get_process()] [DEBUG] File:/home/nefertarii/vscode/CPP_Server/HTML/Resource/CSS/Color.css
[2022-06-17 19:31:15.753] [Thread:12107] [httpprocess.cpp:384 Request_process()] [INFO] 127.0.0.1:41698 Request processed successfully.
[2022-06-17 19:31:15.755] [Thread:12103] [tcpserver.cpp:18 New_connection()] [INFO] New_connection webserver] new connection [webserver-#13] from127.0.0.1:41700
[2022-06-17 19:31:15.755] [Thread:12103] [poller.cpp:104 Update_channel()] [DEBUG] fd = 22 events = 3 index = -1
[2022-06-17 19:31:15.755] [Thread:12103] [httpserver.cpp:19 Connection()] [INFO] Get connection
[2022-06-17 19:31:15.755] [Thread:12103] [httpserver.cpp:32 Message()] [DEBUG] From 127.0.0.1:41700 get message:
GET /Resource/CSS/Resource/CSS/Color.css HTTP/1.1
Host: 127.0.0.1:8000
Connection: keep-alive
Pragma: no-cache
Cache-Control: no-cache
sec-ch-ua: " Not A;Brand";v="99", "Chromium";v="101", "Google Chrome";v="101"
sec-ch-ua-mobile: ?0
User-Agent: Mozilla/5.0 (X11; Linux x86_64) AppleWebKit/537.36 (KHTML, like Gecko) Chrome/101.0.0.0 Safari/537.36
sec-ch-ua-platform: "Linux"
Accept: text/css,*/*;q=0.1
Sec-Fetch-Site: same-origin
Sec-Fetch-Mode: no-cors
Sec-Fetch-Dest: style
Referer: http://127.0.0.1:8000/Resource/CSS/index.css
Accept-Encoding: gzip, deflate, br
Accept-Language: en-US,en;q=0.9,zh-CN;q=0.8,zh;q=0.7


[2022-06-17 19:31:15.755] [Thread:12104] [httpprocess.cpp:41 Get_process()] [DEBUG] File:/home/nefertarii/vscode/CPP_Server/HTML/Resource/CSS/Resource/CSS/Color.css
[2022-06-17 19:31:15.756] [Thread:12104] [httpprocess.cpp:43 Get_process()] [ERROR] Can't find file:/home/nefertarii/vscode/CPP_Server/HTML/Resource/CSS/Resource/CSS/Color.css
[2022-06-17 19:31:15.756] [Thread:12104] [httpprocess.cpp:366 Request_process()] [ERROR] 127.0.0.1:41700 Request phase fail: processed request
[2022-06-17 19:31:15.756] [Thread:12104] [httpprocess.cpp:41 Get_process()] [DEBUG] File:/home/nefertarii/vscode/CPP_Server/HTML/Errorpage/Page404.html
[2022-06-17 19:31:15.756] [Thread:12104] [httpprocess.cpp:333 Send_bad_respone()] [INFO] Get process error, Send 404 Page
[2022-06-17 19:31:15.943] [Thread:12103] [tcpconnection.cpp:60 Handle_close()] [INFO] Channel fd:20 state:connected
[2022-06-17 19:31:15.943] [Thread:12103] [poller.cpp:104 Update_channel()] [DEBUG] fd = 20 events = 0 index = 1
[2022-06-17 19:31:15.943] [Thread:12103] [tcpserver.cpp:39 Remove_connection_in_loop()] [INFO] Remove [webserver] connection webserver-#10
[2022-06-17 19:31:15.943] [Thread:12103] [poller.cpp:136 Remove_channel()] [INFO] Remove fd:20
[2022-06-17 19:31:15.943] [Thread:12103] [tcpconnection.cpp:383 ~TcpConnection()] [INFO] TcpConnection[webserver-#10] dtor at 0x55b3a1d7b300 fd:20 state:disconnected
[2022-06-17 19:31:15.951] [Thread:12103] [tcpconnection.cpp:60 Handle_close()] [INFO] Channel fd:25 state:connected
[2022-06-17 19:31:15.951] [Thread:12103] [poller.cpp:104 Update_channel()] [DEBUG] fd = 25 events = 0 index = 1
[2022-06-17 19:31:15.952] [Thread:12103] [tcpserver.cpp:39 Remove_connection_in_loop()] [INFO] Remove [webserver] connection webserver-#11
[2022-06-17 19:31:15.952] [Thread:12103] [poller.cpp:136 Remove_channel()] [INFO] Remove fd:25
[2022-06-17 19:31:15.952] [Thread:12103] [tcpconnection.cpp:383 ~TcpConnection()] [INFO] TcpConnection[webserver-#11] dtor at 0x55b3a1d84120 fd:25 state:disconnected
[2022-06-17 19:31:15.959] [Thread:12103] [tcpconnection.cpp:60 Handle_close()] [INFO] Channel fd:21 state:connected
[2022-06-17 19:31:15.959] [Thread:12103] [poller.cpp:104 Update_channel()] [DEBUG] fd = 21 events = 0 index = 1
[2022-06-17 19:31:15.959] [Thread:12103] [tcpserver.cpp:39 Remove_connection_in_loop()] [INFO] Remove [webserver] connection webserver-#12
[2022-06-17 19:31:15.959] [Thread:12103] [poller.cpp:136 Remove_channel()] [INFO] Remove fd:21
[2022-06-17 19:31:15.959] [Thread:12103] [tcpconnection.cpp:383 ~TcpConnection()] [INFO] TcpConnection[webserver-#12] dtor at 0x55b3a1d825d0 fd:21 state:disconnected
[2022-06-17 19:31:15.967] [Thread:12103] [tcpconnection.cpp:60 Handle_close()] [INFO] Channel fd:22 state:connected
[2022-06-17 19:31:15.967] [Thread:12103] [poller.cpp:104 Update_channel()] [DEBUG] fd = 22 events = 0 index = 1
[2022-06-17 19:31:15.967] [Thread:12103] [tcpserver.cpp:39 Remove_connection_in_loop()] [INFO] Remove [webserver] connection webserver-#13
[2022-06-17 19:31:15.967] [Thread:12103] [poller.cpp:136 Remove_channel()] [INFO] Remove fd:22
[2022-06-17 19:31:15.967] [Thread:12103] [tcpconnection.cpp:383 ~TcpConnection()] [INFO] TcpConnection[webserver-#13] dtor at 0x55b3a1d82e90 fd:22 state:disconnected
[2022-06-17 19:31:15.975] [Thread:12103] [tcpserver.cpp:18 New_connection()] [INFO] New_connection webserver] new connection [webserver-#14] from127.0.0.1:41702
[2022-06-17 19:31:15.975] [Thread:12103] [poller.cpp:104 Update_channel()] [DEBUG] fd = 20 events = 3 index = -1
[2022-06-17 19:31:15.975] [Thread:12103] [httpserver.cpp:19 Connection()] [INFO] Get connection
[2022-06-17 19:31:15.975] [Thread:12103] [tcpserver.cpp:18 New_connection()] [INFO] New_connection webserver] new connection [webserver-#15] from127.0.0.1:41704
[2022-06-17 19:31:15.975] [Thread:12103] [poller.cpp:104 Update_channel()] [DEBUG] fd = 21 events = 3 index = -1
[2022-06-17 19:31:15.975] [Thread:12103] [httpserver.cpp:19 Connection()] [INFO] Get connection
[2022-06-17 19:31:15.975] [Thread:12103] [httpserver.cpp:32 Message()] [DEBUG] From 127.0.0.1:41702 get message:
GET /Resource/Image/svg/glow.svg HTTP/1.1
Host: 127.0.0.1:8000
Connection: keep-alive
Pragma: no-cache
Cache-Control: no-cache
sec-ch-ua: " Not A;Brand";v="99", "Chromium";v="101", "Google Chrome";v="101"
sec-ch-ua-mobile: ?0
User-Agent: Mozilla/5.0 (X11; Linux x86_64) AppleWebKit/537.36 (KHTML, like Gecko) Chrome/101.0.0.0 Safari/537.36
sec-ch-ua-platform: "Linux"
Accept: image/avif,image/webp,image/apng,image/svg+xml,image/*,*/*;q=0.8
Sec-Fetch-Site: same-origin
Sec-Fetch-Mode: no-cors
Sec-Fetch-Dest: image
Referer: http://127.0.0.1:8000/Resource/CSS/Background.css
Accept-Encoding: gzip, deflate, br
Accept-Language: en-US,en;q=0.9,zh-CN;q=0.8,zh;q=0.7


[2022-06-17 19:31:15.975] [Thread:12103] [httpserver.cpp:32 Message()] [DEBUG] From 127.0.0.1:41704 get message:
GET /Resource/Image/png/logo_64.png HTTP/1.1
Host: 127.0.0.1:8000
Connection: keep-alive
Pragma: no-cache
Cache-Control: no-cache
sec-ch-ua: " Not A;Brand";v="99", "Chromium";v="101", "Google Chrome";v="101"
sec-ch-ua-mobile: ?0
User-Agent: Mozilla/5.0 (X11; Linux x86_64) AppleWebKit/537.36 (KHTML, like Gecko) Chrome/101.0.0.0 Safari/537.36
sec-ch-ua-platform: "Linux"
Accept: image/avif,image/webp,image/apng,image/svg+xml,image/*,*/*;q=0.8
Sec-Fetch-Site: same-origin
Sec-Fetch-Mode: no-cors
Sec-Fetch-Dest: image
Referer: http://127.0.0.1:8000/Resource/CSS/Followleft.css
Accept-Encoding: gzip, deflate, br
Accept-Language: en-US,en;q=0.9,zh-CN;q=0.8,zh;q=0.7


[2022-06-17 19:31:15.975] [Thread:12106] [httpprocess.cpp:41 Get_process()] [DEBUG] File:/home/nefertarii/vscode/CPP_Server/HTML/Resource/Image/png/logo_64.png
[2022-06-17 19:31:15.975] [Thread:12106] [httpprocess.cpp:384 Request_process()] [INFO] 127.0.0.1:41704 Request processed successfully.
[2022-06-17 19:31:15.975] [Thread:12105] [httpprocess.cpp:41 Get_process()] [DEBUG] File:/home/nefertarii/vscode/CPP_Server/HTML/Resource/Image/svg/glow.svg
[2022-06-17 19:31:15.975] [Thread:12105] [httpprocess.cpp:384 Request_process()] [INFO] 127.0.0.1:41702 Request processed successfully.
[2022-06-17 19:31:16.186] [Thread:12103] [tcpconnection.cpp:60 Handle_close()] [INFO] Channel fd:20 state:connected
[2022-06-17 19:31:16.187] [Thread:12103] [poller.cpp:104 Update_channel()] [DEBUG] fd = 20 events = 0 index = 1
[2022-06-17 19:31:16.187] [Thread:12103] [tcpserver.cpp:39 Remove_connection_in_loop()] [INFO] Remove [webserver] connection webserver-#14
[2022-06-17 19:31:16.187] [Thread:12103] [poller.cpp:136 Remove_channel()] [INFO] Remove fd:20
[2022-06-17 19:31:16.187] [Thread:12103] [tcpconnection.cpp:383 ~TcpConnection()] [INFO] TcpConnection[webserver-#14] dtor at 0x55b3a1d82e90 fd:20 state:disconnected
[2022-06-17 19:31:16.187] [Thread:12103] [tcpconnection.cpp:60 Handle_close()] [INFO] Channel fd:21 state:connected
[2022-06-17 19:31:16.187] [Thread:12103] [poller.cpp:104 Update_channel()] [DEBUG] fd = 21 events = 0 index = 1
[2022-06-17 19:31:16.187] [Thread:12103] [tcpserver.cpp:39 Remove_connection_in_loop()] [INFO] Remove [webserver] connection webserver-#15
[2022-06-17 19:31:16.187] [Thread:12103] [poller.cpp:136 Remove_channel()] [INFO] Remove fd:21
[2022-06-17 19:31:16.187] [Thread:12103] [tcpconnection.cpp:383 ~TcpConnection()] [INFO] TcpConnection[webserver-#15] dtor at 0x55b3a1d825d0 fd:21 state:disconnected
[2022-06-17 19:31:16.524] [Thread:12103] [tcpserver.cpp:18 New_connection()] [INFO] New_connection webserver] new connection [webserver-#16] from127.0.0.1:41706
[2022-06-17 19:31:16.524] [Thread:12103] [poller.cpp:104 Update_channel()] [DEBUG] fd = 20 events = 3 index = -1
[2022-06-17 19:31:16.524] [Thread:12103] [httpserver.cpp:19 Connection()] [INFO] Get connection
[2022-06-17 19:31:16.524] [Thread:12103] [httpserver.cpp:32 Message()] [DEBUG] From 127.0.0.1:41706 get message:
GET /Resource/Image/png/Cat1_32.png HTTP/1.1
Host: 127.0.0.1:8000
Connection: keep-alive
Pragma: no-cache
Cache-Control: no-cache
sec-ch-ua: " Not A;Brand";v="99", "Chromium";v="101", "Google Chrome";v="101"
sec-ch-ua-mobile: ?0
User-Agent: Mozilla/5.0 (X11; Linux x86_64) AppleWebKit/537.36 (KHTML, like Gecko) Chrome/101.0.0.0 Safari/537.36
sec-ch-ua-platform: "Linux"
Accept: image/avif,image/webp,image/apng,image/svg+xml,image/*,*/*;q=0.8
Sec-Fetch-Site: same-origin
Sec-Fetch-Mode: no-cors
Sec-Fetch-Dest: image
Referer: http://127.0.0.1:8000/Resource/CSS/index.css
Accept-Encoding: gzip, deflate, br
Accept-Language: en-US,en;q=0.9,zh-CN;q=0.8,zh;q=0.7


[2022-06-17 19:31:16.524] [Thread:12107] [httpprocess.cpp:41 Get_process()] [DEBUG] File:/home/nefertarii/vscode/CPP_Server/HTML/Resource/Image/png/Cat1_32.png
[2022-06-17 19:31:16.525] [Thread:12107] [httpprocess.cpp:384 Request_process()] [INFO] 127.0.0.1:41706 Request processed successfully.
[2022-06-17 19:31:16.735] [Thread:12103] [tcpconnection.cpp:60 Handle_close()] [INFO] Channel fd:20 state:connected
[2022-06-17 19:31:16.735] [Thread:12103] [poller.cpp:104 Update_channel()] [DEBUG] fd = 20 events = 0 index = 1
[2022-06-17 19:31:16.735] [Thread:12103] [tcpserver.cpp:39 Remove_connection_in_loop()] [INFO] Remove [webserver] connection webserver-#16
[2022-06-17 19:31:16.735] [Thread:12103] [poller.cpp:136 Remove_channel()] [INFO] Remove fd:20
[2022-06-17 19:31:16.735] [Thread:12103] [tcpconnection.cpp:383 ~TcpConnection()] [INFO] TcpConnection[webserver-#16] dtor at 0x55b3a1d825d0 fd:20 state:disconnected
[2022-06-17 19:31:17.693] [Thread:12103] [tcpserver.cpp:18 New_connection()] [INFO] New_connection webserver] new connection [webserver-#17] from127.0.0.1:41708
[2022-06-17 19:31:17.693] [Thread:12103] [poller.cpp:104 Update_channel()] [DEBUG] fd = 20 events = 3 index = -1
[2022-06-17 19:31:17.693] [Thread:12103] [httpserver.cpp:19 Connection()] [INFO] Get connection
[2022-06-17 19:31:17.693] [Thread:12103] [httpserver.cpp:32 Message()] [DEBUG] From 127.0.0.1:41708 get message:
GET /Resource/Image/png/logo_32.png HTTP/1.1
Host: 127.0.0.1:8000
Connection: keep-alive
Pragma: no-cache
Cache-Control: no-cache
sec-ch-ua: " Not A;Brand";v="99", "Chromium";v="101", "Google Chrome";v="101"
sec-ch-ua-mobile: ?0
User-Agent: Mozilla/5.0 (X11; Linux x86_64) AppleWebKit/537.36 (KHTML, like Gecko) Chrome/101.0.0.0 Safari/537.36
sec-ch-ua-platform: "Linux"
Accept: image/avif,image/webp,image/apng,image/svg+xml,image/*,*/*;q=0.8
Sec-Fetch-Site: same-origin
Sec-Fetch-Mode: no-cors
Sec-Fetch-Dest: image
Referer: http://127.0.0.1:8000/
Accept-Encoding: gzip, deflate, br
Accept-Language: en-US,en;q=0.9,zh-CN;q=0.8,zh;q=0.7


[2022-06-17 19:31:17.693] [Thread:12104] [httpprocess.cpp:41 Get_process()] [DEBUG] File:/home/nefertarii/vscode/CPP_Server/HTML/Resource/Image/png/logo_32.png
[2022-06-17 19:31:17.693] [Thread:12104] [httpprocess.cpp:384 Request_process()] [INFO] 127.0.0.1:41708 Request processed successfully.
[2022-06-17 19:31:17.900] [Thread:12103] [tcpconnection.cpp:60 Handle_close()] [INFO] Channel fd:20 state:connected
[2022-06-17 19:31:17.900] [Thread:12103] [poller.cpp:104 Update_channel()] [DEBUG] fd = 20 events = 0 index = 1
[2022-06-17 19:31:17.900] [Thread:12103] [tcpserver.cpp:39 Remove_connection_in_loop()] [INFO] Remove [webserver] connection webserver-#17
[2022-06-17 19:31:17.900] [Thread:12103] [poller.cpp:136 Remove_channel()] [INFO] Remove fd:20
[2022-06-17 19:31:17.900] [Thread:12103] [tcpconnection.cpp:383 ~TcpConnection()] [INFO] TcpConnection[webserver-#17] dtor at 0x55b3a1d825d0 fd:20 state:disconnected
[2022-06-17 19:31:22.234] [Thread:12103] [tcpserver.cpp:18 New_connection()] [INFO] New_connection webserver] new connection [webserver-#18] from127.0.0.1:41710
[2022-06-17 19:31:22.234] [Thread:12103] [poller.cpp:104 Update_channel()] [DEBUG] fd = 20 events = 3 index = -1
[2022-06-17 19:31:22.234] [Thread:12103] [httpserver.cpp:19 Connection()] [INFO] Get connection
[2022-06-17 19:31:22.234] [Thread:12103] [tcpserver.cpp:18 New_connection()] [INFO] New_connection webserver] new connection [webserver-#19] from127.0.0.1:41712
[2022-06-17 19:31:22.234] [Thread:12103] [poller.cpp:104 Update_channel()] [DEBUG] fd = 21 events = 3 index = -1
[2022-06-17 19:31:22.234] [Thread:12103] [httpserver.cpp:19 Connection()] [INFO] Get connection
[2022-06-17 19:31:22.235] [Thread:12103] [httpserver.cpp:32 Message()] [DEBUG] From 127.0.0.1:41710 get message:
GET /Audio/Audio.html HTTP/1.1
Host: 127.0.0.1:8000
Connection: keep-alive
Pragma: no-cache
Cache-Control: no-cache
sec-ch-ua: " Not A;Brand";v="99", "Chromium";v="101", "Google Chrome";v="101"
sec-ch-ua-mobile: ?0
sec-ch-ua-platform: "Linux"
Upgrade-Insecure-Requests: 1
User-Agent: Mozilla/5.0 (X11; Linux x86_64) AppleWebKit/537.36 (KHTML, like Gecko) Chrome/101.0.0.0 Safari/537.36
Accept: text/html,application/xhtml+xml,application/xml;q=0.9,image/avif,image/webp,image/apng,*/*;q=0.8,application/signed-exchange;v=b3;q=0.9
Sec-Fetch-Site: same-origin
Sec-Fetch-Mode: navigate
Sec-Fetch-User: ?1
Sec-Fetch-Dest: document
Referer: http://127.0.0.1:8000/
Accept-Encoding: gzip, deflate, br
Accept-Language: en-US,en;q=0.9,zh-CN;q=0.8,zh;q=0.7


[2022-06-17 19:31:22.235] [Thread:12105] [httpprocess.cpp:41 Get_process()] [DEBUG] File:/home/nefertarii/vscode/CPP_Server/HTML/Audio/Audio.html
[2022-06-17 19:31:22.235] [Thread:12105] [httpprocess.cpp:384 Request_process()] [INFO] 127.0.0.1:41710 Request processed successfully.
[2022-06-17 19:31:22.443] [Thread:12103] [tcpconnection.cpp:60 Handle_close()] [INFO] Channel fd:20 state:connected
[2022-06-17 19:31:22.443] [Thread:12103] [poller.cpp:104 Update_channel()] [DEBUG] fd = 20 events = 0 index = 1
[2022-06-17 19:31:22.443] [Thread:12103] [tcpserver.cpp:39 Remove_connection_in_loop()] [INFO] Remove [webserver] connection webserver-#18
[2022-06-17 19:31:22.443] [Thread:12103] [poller.cpp:136 Remove_channel()] [INFO] Remove fd:20
[2022-06-17 19:31:22.443] [Thread:12103] [tcpconnection.cpp:383 ~TcpConnection()] [INFO] TcpConnection[webserver-#18] dtor at 0x55b3a1d825d0 fd:20 state:disconnected
[2022-06-17 19:31:23.270] [Thread:12103] [httpserver.cpp:32 Message()] [DEBUG] From 127.0.0.1:41712 get message:
GET /Resource/CSS/Background.css HTTP/1.1
Host: 127.0.0.1:8000
Connection: keep-alive
Pragma: no-cache
Cache-Control: no-cache
sec-ch-ua: " Not A;Brand";v="99", "Chromium";v="101", "Google Chrome";v="101"
sec-ch-ua-mobile: ?0
User-Agent: Mozilla/5.0 (X11; Linux x86_64) AppleWebKit/537.36 (KHTML, like Gecko) Chrome/101.0.0.0 Safari/537.36
sec-ch-ua-platform: "Linux"
Accept: text/css,*/*;q=0.1
Sec-Fetch-Site: same-origin
Sec-Fetch-Mode: no-cors
Sec-Fetch-Dest: style
Referer: http://127.0.0.1:8000/Audio/Audio.html
Accept-Encoding: gzip, deflate, br
Accept-Language: en-US,en;q=0.9,zh-CN;q=0.8,zh;q=0.7


[2022-06-17 19:31:23.270] [Thread:12106] [httpprocess.cpp:41 Get_process()] [DEBUG] File:/home/nefertarii/vscode/CPP_Server/HTML/Resource/CSS/Background.css
[2022-06-17 19:31:23.270] [Thread:12106] [httpprocess.cpp:384 Request_process()] [INFO] 127.0.0.1:41712 Request processed successfully.
[2022-06-17 19:31:23.285] [Thread:12103] [tcpserver.cpp:18 New_connection()] [INFO] New_connection webserver] new connection [webserver-#20] from127.0.0.1:41714
[2022-06-17 19:31:23.285] [Thread:12103] [poller.cpp:104 Update_channel()] [DEBUG] fd = 20 events = 3 index = -1
[2022-06-17 19:31:23.285] [Thread:12103] [httpserver.cpp:19 Connection()] [INFO] Get connection
[2022-06-17 19:31:23.285] [Thread:12103] [tcpserver.cpp:18 New_connection()] [INFO] New_connection webserver] new connection [webserver-#21] from127.0.0.1:41716
[2022-06-17 19:31:23.285] [Thread:12103] [poller.cpp:104 Update_channel()] [DEBUG] fd = 22 events = 3 index = -1
[2022-06-17 19:31:23.285] [Thread:12103] [httpserver.cpp:19 Connection()] [INFO] Get connection
[2022-06-17 19:31:23.285] [Thread:12103] [tcpserver.cpp:18 New_connection()] [INFO] New_connection webserver] new connection [webserver-#22] from127.0.0.1:41718
[2022-06-17 19:31:23.285] [Thread:12103] [poller.cpp:104 Update_channel()] [DEBUG] fd = 23 events = 3 index = -1
[2022-06-17 19:31:23.285] [Thread:12103] [httpserver.cpp:19 Connection()] [INFO] Get connection
[2022-06-17 19:31:23.285] [Thread:12103] [tcpserver.cpp:18 New_connection()] [INFO] New_connection webserver] new connection [webserver-#23] from127.0.0.1:41720
[2022-06-17 19:31:23.285] [Thread:12103] [poller.cpp:104 Update_channel()] [DEBUG] fd = 24 events = 3 index = -1
[2022-06-17 19:31:23.285] [Thread:12103] [httpserver.cpp:19 Connection()] [INFO] Get connection
[2022-06-17 19:31:23.285] [Thread:12103] [httpserver.cpp:32 Message()] [DEBUG] From 127.0.0.1:41714 get message:
GET /Resource/CSS/Followleft.css HTTP/1.1
Host: 127.0.0.1:8000
Connection: keep-alive
Pragma: no-cache
Cache-Control: no-cache
sec-ch-ua: " Not A;Brand";v="99", "Chromium";v="101", "Google Chrome";v="101"
sec-ch-ua-mobile: ?0
User-Agent: Mozilla/5.0 (X11; Linux x86_64) AppleWebKit/537.36 (KHTML, like Gecko) Chrome/101.0.0.0 Safari/537.36
sec-ch-ua-platform: "Linux"
Accept: text/css,*/*;q=0.1
Sec-Fetch-Site: same-origin
Sec-Fetch-Mode: no-cors
Sec-Fetch-Dest: style
Referer: http://127.0.0.1:8000/Audio/Audio.html
Accept-Encoding: gzip, deflate, br
Accept-Language: en-US,en;q=0.9,zh-CN;q=0.8,zh;q=0.7


[2022-06-17 19:31:23.285] [Thread:12103] [tcpserver.cpp:18 New_connection()] [INFO] New_connection webserver] new connection [webserver-#24] from127.0.0.1:41722
[2022-06-17 19:31:23.285] [Thread:12103] [poller.cpp:104 Update_channel()] [DEBUG] fd = 25 events = 3 index = -1
[2022-06-17 19:31:23.285] [Thread:12103] [httpserver.cpp:19 Connection()] [INFO] Get connection
[2022-06-17 19:31:23.285] [Thread:12104] [httpprocess.cpp:41 Get_process()] [DEBUG] File:/home/nefertarii/vscode/CPP_Server/HTML/Resource/CSS/Footer.css
[2022-06-17 19:31:23.285] [Thread:12104] [httpprocess.cpp:384 Request_process()] [INFO] 127.0.0.1:41716 Request processed successfully.
[2022-06-17 19:31:23.285] [Thread:12107] [httpprocess.cpp:41 Get_process()] [DEBUG] File:/home/nefertarii/vscode/CPP_Server/HTML/Resource/CSS/Followleft.css
[2022-06-17 19:31:23.285] [Thread:12107] [httpprocess.cpp:384 Request_process()] [INFO] 127.0.0.1:41714 Request processed successfully.
[2022-06-17 19:31:23.285] [Thread:12103] [httpserver.cpp:32 Message()] [DEBUG] From 127.0.0.1:41716 get message:
GET /Resource/CSS/Footer.css HTTP/1.1
Host: 127.0.0.1:8000
Connection: keep-alive
Pragma: no-cache
Cache-Control: no-cache
sec-ch-ua: " Not A;Brand";v="99", "Chromium";v="101", "Google Chrome";v="101"
sec-ch-ua-mobile: ?0
User-Agent: Mozilla/5.0 (X11; Linux x86_64) AppleWebKit/537.36 (KHTML, like Gecko) Chrome/101.0.0.0 Safari/537.36
sec-ch-ua-platform: "Linux"
Accept: text/css,*/*;q=0.1
Sec-Fetch-Site: same-origin
Sec-Fetch-Mode: no-cors
Sec-Fetch-Dest: style
Referer: http://127.0.0.1:8000/Audio/Audio.html
Accept-Encoding: gzip, deflate, br
Accept-Language: en-US,en;q=0.9,zh-CN;q=0.8,zh;q=0.7


[2022-06-17 19:31:23.285] [Thread:12103] [httpserver.cpp:32 Message()] [DEBUG] From 127.0.0.1:41718 get message:
GET /Resource/CSS/Audio.css HTTP/1.1
Host: 127.0.0.1:8000
Connection: keep-alive
Pragma: no-cache
Cache-Control: no-cache
sec-ch-ua: " Not A;Brand";v="99", "Chromium";v="101", "Google Chrome";v="101"
sec-ch-ua-mobile: ?0
User-Agent: Mozilla/5.0 (X11; Linux x86_64) AppleWebKit/537.36 (KHTML, like Gecko) Chrome/101.0.0.0 Safari/537.36
sec-ch-ua-platform: "Linux"
Accept: text/css,*/*;q=0.1
Sec-Fetch-Site: same-origin
Sec-Fetch-Mode: no-cors
Sec-Fetch-Dest: style
Referer: http://127.0.0.1:8000/Audio/Audio.html
Accept-Encoding: gzip, deflate, br
Accept-Language: en-US,en;q=0.9,zh-CN;q=0.8,zh;q=0.7


[2022-06-17 19:31:23.285] [Thread:12106] [httpprocess.cpp:41 Get_process()] [DEBUG] File:/home/nefertarii/vscode/CPP_Server/HTML/Resource/JS/Bgstar.js
[2022-06-17 19:31:23.285] [Thread:12106] [httpprocess.cpp:384 Request_process()] [INFO] 127.0.0.1:41720 Request processed successfully.
[2022-06-17 19:31:23.285] [Thread:12105] [httpprocess.cpp:41 Get_process()] [DEBUG] File:/home/nefertarii/vscode/CPP_Server/HTML/Resource/CSS/Audio.css
[2022-06-17 19:31:23.285] [Thread:12105] [httpprocess.cpp:384 Request_process()] [INFO] 127.0.0.1:41718 Request processed successfully.
[2022-06-17 19:31:23.285] [Thread:12103] [httpserver.cpp:32 Message()] [DEBUG] From 127.0.0.1:41720 get message:
GET /Resource/JS/Bgstar.js HTTP/1.1
Host: 127.0.0.1:8000
Connection: keep-alive
Pragma: no-cache
Cache-Control: no-cache
sec-ch-ua: " Not A;Brand";v="99", "Chromium";v="101", "Google Chrome";v="101"
sec-ch-ua-mobile: ?0
User-Agent: Mozilla/5.0 (X11; Linux x86_64) AppleWebKit/537.36 (KHTML, like Gecko) Chrome/101.0.0.0 Safari/537.36
sec-ch-ua-platform: "Linux"
Accept: */*
Sec-Fetch-Site: same-origin
Sec-Fetch-Mode: no-cors
Sec-Fetch-Dest: script
Referer: http://127.0.0.1:8000/Audio/Audio.html
Accept-Encoding: gzip, deflate, br
Accept-Language: en-US,en;q=0.9,zh-CN;q=0.8,zh;q=0.7


[2022-06-17 19:31:23.285] [Thread:12103] [httpserver.cpp:32 Message()] [DEBUG] From 127.0.0.1:41722 get message:
GET /Resource/JS/Login.js HTTP/1.1
Host: 127.0.0.1:8000
Connection: keep-alive
Pragma: no-cache
Cache-Control: no-cache
sec-ch-ua: " Not A;Brand";v="99", "Chromium";v="101", "Google Chrome";v="101"
sec-ch-ua-mobile: ?0
User-Agent: Mozilla/5.0 (X11; Linux x86_64) AppleWebKit/537.36 (KHTML, like Gecko) Chrome/101.0.0.0 Safari/537.36
sec-ch-ua-platform: "Linux"
Accept: */*
Sec-Fetch-Site: same-origin
Sec-Fetch-Mode: no-cors
Sec-Fetch-Dest: script
Referer: http://127.0.0.1:8000/Audio/Audio.html
Accept-Encoding: gzip, deflate, br
Accept-Language: en-US,en;q=0.9,zh-CN;q=0.8,zh;q=0.7


[2022-06-17 19:31:23.286] [Thread:12107] [httpprocess.cpp:41 Get_process()] [DEBUG] File:/home/nefertarii/vscode/CPP_Server/HTML/Resource/JS/Login.js
[2022-06-17 19:31:23.286] [Thread:12107] [httpprocess.cpp:384 Request_process()] [INFO] 127.0.0.1:41722 Request processed successfully.
[2022-06-17 19:31:23.479] [Thread:12103] [tcpconnection.cpp:60 Handle_close()] [INFO] Channel fd:21 state:connected
[2022-06-17 19:31:23.479] [Thread:12103] [poller.cpp:104 Update_channel()] [DEBUG] fd = 21 events = 0 index = 1
[2022-06-17 19:31:23.479] [Thread:12103] [tcpserver.cpp:39 Remove_connection_in_loop()] [INFO] Remove [webserver] connection webserver-#19
[2022-06-17 19:31:23.479] [Thread:12103] [poller.cpp:136 Remove_channel()] [INFO] Remove fd:21
[2022-06-17 19:31:23.479] [Thread:12103] [tcpconnection.cpp:383 ~TcpConnection()] [INFO] TcpConnection[webserver-#19] dtor at 0x55b3a1d82e90 fd:21 state:disconnected
[2022-06-17 19:31:23.491] [Thread:12103] [tcpconnection.cpp:60 Handle_close()] [INFO] Channel fd:25 state:connected
[2022-06-17 19:31:23.491] [Thread:12103] [poller.cpp:104 Update_channel()] [DEBUG] fd = 25 events = 0 index = 1
[2022-06-17 19:31:23.491] [Thread:12103] [tcpserver.cpp:39 Remove_connection_in_loop()] [INFO] Remove [webserver] connection webserver-#24
[2022-06-17 19:31:23.491] [Thread:12103] [poller.cpp:136 Remove_channel()] [INFO] Remove fd:25
[2022-06-17 19:31:23.491] [Thread:12103] [tcpconnection.cpp:383 ~TcpConnection()] [INFO] TcpConnection[webserver-#24] dtor at 0x55b3a1d79530 fd:25 state:disconnected
[2022-06-17 19:31:23.491] [Thread:12103] [tcpconnection.cpp:60 Handle_close()] [INFO] Channel fd:23 state:connected
[2022-06-17 19:31:23.491] [Thread:12103] [poller.cpp:104 Update_channel()] [DEBUG] fd = 23 events = 0 index = 1
[2022-06-17 19:31:23.491] [Thread:12103] [tcpserver.cpp:39 Remove_connection_in_loop()] [INFO] Remove [webserver] connection webserver-#22
[2022-06-17 19:31:23.491] [Thread:12103] [poller.cpp:136 Remove_channel()] [INFO] Remove fd:23
[2022-06-17 19:31:23.491] [Thread:12103] [tcpconnection.cpp:383 ~TcpConnection()] [INFO] TcpConnection[webserver-#22] dtor at 0x55b3a1d7b300 fd:23 state:disconnected
[2022-06-17 19:31:23.492] [Thread:12103] [tcpconnection.cpp:60 Handle_close()] [INFO] Channel fd:24 state:connected
[2022-06-17 19:31:23.492] [Thread:12103] [poller.cpp:104 Update_channel()] [DEBUG] fd = 24 events = 0 index = 1
[2022-06-17 19:31:23.492] [Thread:12103] [tcpserver.cpp:39 Remove_connection_in_loop()] [INFO] Remove [webserver] connection webserver-#23
[2022-06-17 19:31:23.492] [Thread:12103] [poller.cpp:136 Remove_channel()] [INFO] Remove fd:24
[2022-06-17 19:31:23.492] [Thread:12103] [tcpconnection.cpp:383 ~TcpConnection()] [INFO] TcpConnection[webserver-#23] dtor at 0x55b3a1d835e0 fd:24 state:disconnected
[2022-06-17 19:31:23.492] [Thread:12103] [tcpconnection.cpp:60 Handle_close()] [INFO] Channel fd:20 state:connected
[2022-06-17 19:31:23.492] [Thread:12103] [poller.cpp:104 Update_channel()] [DEBUG] fd = 20 events = 0 index = 1
[2022-06-17 19:31:23.492] [Thread:12103] [tcpserver.cpp:39 Remove_connection_in_loop()] [INFO] Remove [webserver] connection webserver-#20
[2022-06-17 19:31:23.492] [Thread:12103] [poller.cpp:136 Remove_channel()] [INFO] Remove fd:20
[2022-06-17 19:31:23.492] [Thread:12103] [tcpconnection.cpp:383 ~TcpConnection()] [INFO] TcpConnection[webserver-#20] dtor at 0x55b3a1d825d0 fd:20 state:disconnected
[2022-06-17 19:31:23.492] [Thread:12103] [tcpconnection.cpp:60 Handle_close()] [INFO] Channel fd:22 state:connected
[2022-06-17 19:31:23.492] [Thread:12103] [poller.cpp:104 Update_channel()] [DEBUG] fd = 22 events = 0 index = 1
[2022-06-17 19:31:23.492] [Thread:12103] [tcpserver.cpp:39 Remove_connection_in_loop()] [INFO] Remove [webserver] connection webserver-#21
[2022-06-17 19:31:23.493] [Thread:12103] [poller.cpp:136 Remove_channel()] [INFO] Remove fd:22
[2022-06-17 19:31:23.493] [Thread:12103] [tcpconnection.cpp:383 ~TcpConnection()] [INFO] TcpConnection[webserver-#21] dtor at 0x55b3a1d84120 fd:22 state:disconnected
[2022-06-17 19:31:24.268] [Thread:12103] [tcpserver.cpp:18 New_connection()] [INFO] New_connection webserver] new connection [webserver-#25] from127.0.0.1:41724
[2022-06-17 19:31:24.268] [Thread:12103] [poller.cpp:104 Update_channel()] [DEBUG] fd = 20 events = 3 index = -1
[2022-06-17 19:31:24.268] [Thread:12103] [httpserver.cpp:19 Connection()] [INFO] Get connection
[2022-06-17 19:31:24.268] [Thread:12103] [tcpserver.cpp:18 New_connection()] [INFO] New_connection webserver] new connection [webserver-#26] from127.0.0.1:41728
[2022-06-17 19:31:24.268] [Thread:12103] [poller.cpp:104 Update_channel()] [DEBUG] fd = 21 events = 3 index = -1
[2022-06-17 19:31:24.268] [Thread:12103] [httpserver.cpp:19 Connection()] [INFO] Get connection
[2022-06-17 19:31:24.268] [Thread:12104] [httpprocess.cpp:41 Get_process()] [DEBUG] File:/home/nefertarii/vscode/CPP_Server/HTML/Resource/Audio/NeverGonnaGiveYouUp.mp3
[2022-06-17 19:31:24.268] [Thread:12104] [httpprocess.cpp:384 Request_process()] [INFO] 127.0.0.1:41724 Request processed successfully.
[2022-06-17 19:31:24.268] [Thread:12103] [httpserver.cpp:32 Message()] [DEBUG] From 127.0.0.1:41724 get message:
GET /Resource/Audio/NeverGonnaGiveYouUp.mp3 HTTP/1.1
Host: 127.0.0.1:8000
Connection: keep-alive
Pragma: no-cache
Cache-Control: no-cache
sec-ch-ua: " Not A;Brand";v="99", "Chromium";v="101", "Google Chrome";v="101"
Accept-Encoding: identity;q=1, *;q=0
sec-ch-ua-mobile: ?0
User-Agent: Mozilla/5.0 (X11; Linux x86_64) AppleWebKit/537.36 (KHTML, like Gecko) Chrome/101.0.0.0 Safari/537.36
sec-ch-ua-platform: "Linux"
Accept: */*
Sec-Fetch-Site: same-origin
Sec-Fetch-Mode: no-cors
Sec-Fetch-Dest: audio
Referer: http://127.0.0.1:8000/Audio/Audio.html
Accept-Language: en-US,en;q=0.9,zh-CN;q=0.8,zh;q=0.7
Range: bytes=0-


[2022-06-17 19:31:24.268] [Thread:12105] [httpprocess.cpp:41 Get_process()] [DEBUG] File:/home/nefertarii/vscode/CPP_Server/HTML/Resource/CSS/Color.css
[2022-06-17 19:31:24.268] [Thread:12105] [httpprocess.cpp:384 Request_process()] [INFO] 127.0.0.1:41728 Request processed successfully.
[2022-06-17 19:31:24.268] [Thread:12103] [httpserver.cpp:32 Message()] [DEBUG] From 127.0.0.1:41728 get message:
GET /Resource/CSS/Color.css HTTP/1.1
Host: 127.0.0.1:8000
Connection: keep-alive
Pragma: no-cache
Cache-Control: no-cache
sec-ch-ua: " Not A;Brand";v="99", "Chromium";v="101", "Google Chrome";v="101"
sec-ch-ua-mobile: ?0
User-Agent: Mozilla/5.0 (X11; Linux x86_64) AppleWebKit/537.36 (KHTML, like Gecko) Chrome/101.0.0.0 Safari/537.36
sec-ch-ua-platform: "Linux"
Accept: text/css,*/*;q=0.1
Sec-Fetch-Site: same-origin
Sec-Fetch-Mode: no-cors
Sec-Fetch-Dest: style
Referer: http://127.0.0.1:8000/Resource/CSS/Background.css
Accept-Encoding: gzip, deflate, br
Accept-Language: en-US,en;q=0.9,zh-CN;q=0.8,zh;q=0.7


[2022-06-17 19:31:24.276] [Thread:12103] [tcpconnection.cpp:60 Handle_close()] [INFO] Channel fd:20 state:connected
[2022-06-17 19:31:24.276] [Thread:12103] [poller.cpp:104 Update_channel()] [DEBUG] fd = 20 events = 0 index = 1
[2022-06-17 19:31:24.276] [Thread:12103] [tcpserver.cpp:39 Remove_connection_in_loop()] [INFO] Remove [webserver] connection webserver-#25
[2022-06-17 19:31:24.276] [Thread:12103] [poller.cpp:136 Remove_channel()] [INFO] Remove fd:20
[2022-06-17 19:31:24.276] [Thread:12103] [tcpconnection.cpp:383 ~TcpConnection()] [INFO] TcpConnection[webserver-#25] dtor at 0x55b3a1d84120 fd:20 state:disconnected
[2022-06-17 19:31:24.476] [Thread:12103] [tcpconnection.cpp:60 Handle_close()] [INFO] Channel fd:21 state:connected
[2022-06-17 19:31:24.476] [Thread:12103] [poller.cpp:104 Update_channel()] [DEBUG] fd = 21 events = 0 index = 1
[2022-06-17 19:31:24.476] [Thread:12103] [tcpserver.cpp:39 Remove_connection_in_loop()] [INFO] Remove [webserver] connection webserver-#26
[2022-06-17 19:31:24.477] [Thread:12103] [poller.cpp:136 Remove_channel()] [INFO] Remove fd:21
[2022-06-17 19:31:24.477] [Thread:12103] [tcpconnection.cpp:383 ~TcpConnection()] [INFO] TcpConnection[webserver-#26] dtor at 0x55b3a1d825d0 fd:21 state:disconnected
[2022-06-17 19:31:24.485] [Thread:12103] [tcpserver.cpp:18 New_connection()] [INFO] New_connection webserver] new connection [webserver-#27] from127.0.0.1:41730
[2022-06-17 19:31:24.485] [Thread:12103] [poller.cpp:104 Update_channel()] [DEBUG] fd = 20 events = 3 index = -1
[2022-06-17 19:31:24.485] [Thread:12103] [httpserver.cpp:19 Connection()] [INFO] Get connection
[2022-06-17 19:31:24.485] [Thread:12106] [httpprocess.cpp:41 Get_process()] [DEBUG] File:/home/nefertarii/vscode/CPP_Server/HTML/Resource/Image/svg/glow.svg
[2022-06-17 19:31:24.485] [Thread:12106] [httpprocess.cpp:384 Request_process()] [INFO] 127.0.0.1:41730 Request processed successfully.
[2022-06-17 19:31:24.485] [Thread:12103] [httpserver.cpp:32 Message()] [DEBUG] From 127.0.0.1:41730 get message:
GET /Resource/Image/svg/glow.svg HTTP/1.1
Host: 127.0.0.1:8000
Connection: keep-alive
Pragma: no-cache
Cache-Control: no-cache
sec-ch-ua: " Not A;Brand";v="99", "Chromium";v="101", "Google Chrome";v="101"
sec-ch-ua-mobile: ?0
User-Agent: Mozilla/5.0 (X11; Linux x86_64) AppleWebKit/537.36 (KHTML, like Gecko) Chrome/101.0.0.0 Safari/537.36
sec-ch-ua-platform: "Linux"
Accept: image/avif,image/webp,image/apng,image/svg+xml,image/*,*/*;q=0.8
Sec-Fetch-Site: same-origin
Sec-Fetch-Mode: no-cors
Sec-Fetch-Dest: image
Referer: http://127.0.0.1:8000/Resource/CSS/Background.css
Accept-Encoding: gzip, deflate, br
Accept-Language: en-US,en;q=0.9,zh-CN;q=0.8,zh;q=0.7


[2022-06-17 19:31:24.488] [Thread:12103] [tcpserver.cpp:18 New_connection()] [INFO] New_connection webserver] new connection [webserver-#28] from127.0.0.1:41732
[2022-06-17 19:31:24.488] [Thread:12103] [poller.cpp:104 Update_channel()] [DEBUG] fd = 21 events = 3 index = -1
[2022-06-17 19:31:24.488] [Thread:12103] [httpserver.cpp:19 Connection()] [INFO] Get connection
[2022-06-17 19:31:24.489] [Thread:12107] [httpprocess.cpp:41 Get_process()] [DEBUG] File:/home/nefertarii/vscode/CPP_Server/HTML/Resource/Image/png/logo_64.png
[2022-06-17 19:31:24.489] [Thread:12107] [httpprocess.cpp:384 Request_process()] [INFO] 127.0.0.1:41732 Request processed successfully.
[2022-06-17 19:31:24.489] [Thread:12103] [httpserver.cpp:32 Message()] [DEBUG] From 127.0.0.1:41732 get message:
GET /Resource/Image/png/logo_64.png HTTP/1.1
Host: 127.0.0.1:8000
Connection: keep-alive
Pragma: no-cache
Cache-Control: no-cache
sec-ch-ua: " Not A;Brand";v="99", "Chromium";v="101", "Google Chrome";v="101"
sec-ch-ua-mobile: ?0
User-Agent: Mozilla/5.0 (X11; Linux x86_64) AppleWebKit/537.36 (KHTML, like Gecko) Chrome/101.0.0.0 Safari/537.36
sec-ch-ua-platform: "Linux"
Accept: image/avif,image/webp,image/apng,image/svg+xml,image/*,*/*;q=0.8
Sec-Fetch-Site: same-origin
Sec-Fetch-Mode: no-cors
Sec-Fetch-Dest: image
Referer: http://127.0.0.1:8000/Resource/CSS/Followleft.css
Accept-Encoding: gzip, deflate, br
Accept-Language: en-US,en;q=0.9,zh-CN;q=0.8,zh;q=0.7


[2022-06-17 19:31:24.691] [Thread:12103] [tcpconnection.cpp:60 Handle_close()] [INFO] Channel fd:20 state:connected
[2022-06-17 19:31:24.691] [Thread:12103] [poller.cpp:104 Update_channel()] [DEBUG] fd = 20 events = 0 index = 1
[2022-06-17 19:31:24.691] [Thread:12103] [tcpserver.cpp:39 Remove_connection_in_loop()] [INFO] Remove [webserver] connection webserver-#27
[2022-06-17 19:31:24.691] [Thread:12103] [poller.cpp:136 Remove_channel()] [INFO] Remove fd:20
[2022-06-17 19:31:24.691] [Thread:12103] [tcpconnection.cpp:383 ~TcpConnection()] [INFO] TcpConnection[webserver-#27] dtor at 0x55b3a1d825d0 fd:20 state:disconnected
[2022-06-17 19:31:24.695] [Thread:12103] [tcpconnection.cpp:60 Handle_close()] [INFO] Channel fd:21 state:connected
[2022-06-17 19:31:24.695] [Thread:12103] [poller.cpp:104 Update_channel()] [DEBUG] fd = 21 events = 0 index = 1
[2022-06-17 19:31:24.695] [Thread:12103] [tcpserver.cpp:39 Remove_connection_in_loop()] [INFO] Remove [webserver] connection webserver-#28
[2022-06-17 19:31:24.695] [Thread:12103] [poller.cpp:136 Remove_channel()] [INFO] Remove fd:21
[2022-06-17 19:31:24.695] [Thread:12103] [tcpconnection.cpp:383 ~TcpConnection()] [INFO] TcpConnection[webserver-#28] dtor at 0x55b3a1d84120 fd:21 state:disconnected
[2022-06-17 19:31:53.314] [Thread:12103] [tcpserver.cpp:18 New_connection()] [INFO] New_connection webserver] new connection [webserver-#29] from127.0.0.1:41734
[2022-06-17 19:31:53.314] [Thread:12103] [poller.cpp:104 Update_channel()] [DEBUG] fd = 20 events = 3 index = -1
[2022-06-17 19:31:53.314] [Thread:12103] [httpserver.cpp:19 Connection()] [INFO] Get connection
[2022-06-17 19:31:53.314] [Thread:12103] [tcpserver.cpp:18 New_connection()] [INFO] New_connection webserver] new connection [webserver-#30] from127.0.0.1:41738
[2022-06-17 19:31:53.314] [Thread:12103] [poller.cpp:104 Update_channel()] [DEBUG] fd = 21 events = 3 index = -1
[2022-06-17 19:31:53.314] [Thread:12103] [httpserver.cpp:19 Connection()] [INFO] Get connection
[2022-06-17 19:31:55.412] [Thread:12104] [httpprocess.cpp:41 Get_process()] [DEBUG] File:/home/nefertarii/vscode/CPP_Server/HTML/Video/Video.html
[2022-06-17 19:31:55.412] [Thread:12104] [httpprocess.cpp:384 Request_process()] [INFO] 127.0.0.1:41734 Request processed successfully.
[2022-06-17 19:31:55.412] [Thread:12103] [httpserver.cpp:32 Message()] [DEBUG] From 127.0.0.1:41734 get message:
GET /Video/Video.html HTTP/1.1
Host: 127.0.0.1:8000
Connection: keep-alive
Pragma: no-cache
Cache-Control: no-cache
sec-ch-ua: " Not A;Brand";v="99", "Chromium";v="101", "Google Chrome";v="101"
sec-ch-ua-mobile: ?0
sec-ch-ua-platform: "Linux"
Upgrade-Insecure-Requests: 1
User-Agent: Mozilla/5.0 (X11; Linux x86_64) AppleWebKit/537.36 (KHTML, like Gecko) Chrome/101.0.0.0 Safari/537.36
Accept: text/html,application/xhtml+xml,application/xml;q=0.9,image/avif,image/webp,image/apng,*/*;q=0.8,application/signed-exchange;v=b3;q=0.9
Sec-Fetch-Site: same-origin
Sec-Fetch-Mode: navigate
Sec-Fetch-User: ?1
Sec-Fetch-Dest: document
Referer: http://127.0.0.1:8000/
Accept-Encoding: gzip, deflate, br
Accept-Language: en-US,en;q=0.9,zh-CN;q=0.8,zh;q=0.7


[2022-06-17 19:31:55.414] [Thread:12103] [tcpconnection.cpp:60 Handle_close()] [INFO] Channel fd:20 state:connected
[2022-06-17 19:31:55.414] [Thread:12103] [poller.cpp:104 Update_channel()] [DEBUG] fd = 20 events = 0 index = 1
[2022-06-17 19:31:55.414] [Thread:12103] [tcpserver.cpp:39 Remove_connection_in_loop()] [INFO] Remove [webserver] connection webserver-#29
[2022-06-17 19:31:55.415] [Thread:12103] [poller.cpp:136 Remove_channel()] [INFO] Remove fd:20
[2022-06-17 19:31:55.415] [Thread:12103] [tcpconnection.cpp:383 ~TcpConnection()] [INFO] TcpConnection[webserver-#29] dtor at 0x55b3a1d84120 fd:20 state:disconnected
[2022-06-17 19:31:55.436] [Thread:12103] [httpserver.cpp:32 Message()] [DEBUG] From 127.0.0.1:41738 get message:
GET /Resource/CSS/Background.css HTTP/1.1
Host: 127.0.0.1:8000
Connection: keep-alive
Pragma: no-cache
Cache-Control: no-cache
sec-ch-ua: " Not A;Brand";v="99", "Chromium";v="101", "Google Chrome";v="101"
sec-ch-ua-mobile: ?0
User-Agent: Mozilla/5.0 (X11; Linux x86_64) AppleWebKit/537.36 (KHTML, like Gecko) Chrome/101.0.0.0 Safari/537.36
sec-ch-ua-platform: "Linux"
Accept: text/css,*/*;q=0.1
Sec-Fetch-Site: same-origin
Sec-Fetch-Mode: no-cors
Sec-Fetch-Dest: style
Referer: http://127.0.0.1:8000/Video/Video.html
Accept-Encoding: gzip, deflate, br
Accept-Language: en-US,en;q=0.9,zh-CN;q=0.8,zh;q=0.7


[2022-06-17 19:31:55.436] [Thread:12105] [httpprocess.cpp:41 Get_process()] [DEBUG] File:/home/nefertarii/vscode/CPP_Server/HTML/Resource/CSS/Background.css
[2022-06-17 19:31:55.436] [Thread:12105] [httpprocess.cpp:384 Request_process()] [INFO] 127.0.0.1:41738 Request processed successfully.
[2022-06-17 19:31:55.439] [Thread:12103] [tcpserver.cpp:18 New_connection()] [INFO] New_connection webserver] new connection [webserver-#31] from127.0.0.1:41740
[2022-06-17 19:31:55.439] [Thread:12103] [poller.cpp:104 Update_channel()] [DEBUG] fd = 20 events = 3 index = -1
[2022-06-17 19:31:55.439] [Thread:12103] [httpserver.cpp:19 Connection()] [INFO] Get connection
[2022-06-17 19:31:55.439] [Thread:12103] [tcpserver.cpp:18 New_connection()] [INFO] New_connection webserver] new connection [webserver-#32] from127.0.0.1:41742
[2022-06-17 19:31:55.439] [Thread:12103] [poller.cpp:104 Update_channel()] [DEBUG] fd = 22 events = 3 index = -1
[2022-06-17 19:31:55.439] [Thread:12103] [httpserver.cpp:19 Connection()] [INFO] Get connection
[2022-06-17 19:31:55.440] [Thread:12103] [tcpserver.cpp:18 New_connection()] [INFO] New_connection webserver] new connection [webserver-#33] from127.0.0.1:41744
[2022-06-17 19:31:55.440] [Thread:12103] [poller.cpp:104 Update_channel()] [DEBUG] fd = 23 events = 3 index = -1
[2022-06-17 19:31:55.440] [Thread:12103] [httpserver.cpp:19 Connection()] [INFO] Get connection
[2022-06-17 19:31:55.440] [Thread:12103] [tcpserver.cpp:18 New_connection()] [INFO] New_connection webserver] new connection [webserver-#34] from127.0.0.1:41746
[2022-06-17 19:31:55.440] [Thread:12103] [poller.cpp:104 Update_channel()] [DEBUG] fd = 24 events = 3 index = -1
[2022-06-17 19:31:55.440] [Thread:12103] [httpserver.cpp:19 Connection()] [INFO] Get connection
[2022-06-17 19:31:55.440] [Thread:12103] [tcpserver.cpp:18 New_connection()] [INFO] New_connection webserver] new connection [webserver-#35] from127.0.0.1:41748
[2022-06-17 19:31:55.440] [Thread:12103] [poller.cpp:104 Update_channel()] [DEBUG] fd = 25 events = 3 index = -1
[2022-06-17 19:31:55.440] [Thread:12103] [httpserver.cpp:19 Connection()] [INFO] Get connection
[2022-06-17 19:31:55.440] [Thread:12103] [httpserver.cpp:32 Message()] [DEBUG] From 127.0.0.1:41740 get message:
GET /Resource/CSS/Followleft.css HTTP/1.1
Host: 127.0.0.1:8000
Connection: keep-alive
Pragma: no-cache
Cache-Control: no-cache
sec-ch-ua: " Not A;Brand";v="99", "Chromium";v="101", "Google Chrome";v="101"
sec-ch-ua-mobile: ?0
User-Agent: Mozilla/5.0 (X11; Linux x86_64) AppleWebKit/537.36 (KHTML, like Gecko) Chrome/101.0.0.0 Safari/537.36
sec-ch-ua-platform: "Linux"
Accept: text/css,*/*;q=0.1
Sec-Fetch-Site: same-origin
Sec-Fetch-Mode: no-cors
Sec-Fetch-Dest: style
Referer: http://127.0.0.1:8000/Video/Video.html
Accept-Encoding: gzip, deflate, br
Accept-Language: en-US,en;q=0.9,zh-CN;q=0.8,zh;q=0.7


[2022-06-17 19:31:55.440] [Thread:12106] [httpprocess.cpp:41 Get_process()] [DEBUG] File:/home/nefertarii/vscode/CPP_Server/HTML/Resource/CSS/Followleft.css
[2022-06-17 19:31:55.440] [Thread:12106] [httpprocess.cpp:384 Request_process()] [INFO] 127.0.0.1:41740 Request processed successfully.
[2022-06-17 19:31:55.440] [Thread:12103] [httpserver.cpp:32 Message()] [DEBUG] From 127.0.0.1:41742 get message:
GET /Resource/CSS/Footer.css HTTP/1.1
Host: 127.0.0.1:8000
Connection: keep-alive
Pragma: no-cache
Cache-Control: no-cache
sec-ch-ua: " Not A;Brand";v="99", "Chromium";v="101", "Google Chrome";v="101"
sec-ch-ua-mobile: ?0
User-Agent: Mozilla/5.0 (X11; Linux x86_64) AppleWebKit/537.36 (KHTML, like Gecko) Chrome/101.0.0.0 Safari/537.36
sec-ch-ua-platform: "Linux"
Accept: text/css,*/*;q=0.1
Sec-Fetch-Site: same-origin
Sec-Fetch-Mode: no-cors
Sec-Fetch-Dest: style
Referer: http://127.0.0.1:8000/Video/Video.html
Accept-Encoding: gzip, deflate, br
Accept-Language: en-US,en;q=0.9,zh-CN;q=0.8,zh;q=0.7


[2022-06-17 19:31:55.440] [Thread:12107] [httpprocess.cpp:41 Get_process()] [DEBUG] File:/home/nefertarii/vscode/CPP_Server/HTML/Resource/CSS/Footer.css
[2022-06-17 19:31:55.440] [Thread:12107] [httpprocess.cpp:384 Request_process()] [INFO] 127.0.0.1:41742 Request processed successfully.
[2022-06-17 19:31:55.441] [Thread:12103] [httpserver.cpp:32 Message()] [DEBUG] From 127.0.0.1:41744 get message:
GET /Resource/CSS/Video.css HTTP/1.1
Host: 127.0.0.1:8000
Connection: keep-alive
Pragma: no-cache
Cache-Control: no-cache
sec-ch-ua: " Not A;Brand";v="99", "Chromium";v="101", "Google Chrome";v="101"
sec-ch-ua-mobile: ?0
User-Agent: Mozilla/5.0 (X11; Linux x86_64) AppleWebKit/537.36 (KHTML, like Gecko) Chrome/101.0.0.0 Safari/537.36
sec-ch-ua-platform: "Linux"
Accept: text/css,*/*;q=0.1
Sec-Fetch-Site: same-origin
Sec-Fetch-Mode: no-cors
Sec-Fetch-Dest: style
Referer: http://127.0.0.1:8000/Video/Video.html
Accept-Encoding: gzip, deflate, br
Accept-Language: en-US,en;q=0.9,zh-CN;q=0.8,zh;q=0.7


[2022-06-17 19:31:55.441] [Thread:12104] [httpprocess.cpp:41 Get_process()] [DEBUG] File:/home/nefertarii/vscode/CPP_Server/HTML/Resource/CSS/Video.css
[2022-06-17 19:31:55.441] [Thread:12104] [httpprocess.cpp:384 Request_process()] [INFO] 127.0.0.1:41744 Request processed successfully.
[2022-06-17 19:31:55.442] [Thread:12103] [httpserver.cpp:32 Message()] [DEBUG] From 127.0.0.1:41746 get message:
GET /Resource/JS/Bgstar.js HTTP/1.1
Host: 127.0.0.1:8000
Connection: keep-alive
Pragma: no-cache
Cache-Control: no-cache
sec-ch-ua: " Not A;Brand";v="99", "Chromium";v="101", "Google Chrome";v="101"
sec-ch-ua-mobile: ?0
User-Agent: Mozilla/5.0 (X11; Linux x86_64) AppleWebKit/537.36 (KHTML, like Gecko) Chrome/101.0.0.0 Safari/537.36
sec-ch-ua-platform: "Linux"
Accept: */*
Sec-Fetch-Site: same-origin
Sec-Fetch-Mode: no-cors
Sec-Fetch-Dest: script
Referer: http://127.0.0.1:8000/Video/Video.html
Accept-Encoding: gzip, deflate, br
Accept-Language: en-US,en;q=0.9,zh-CN;q=0.8,zh;q=0.7


[2022-06-17 19:31:55.442] [Thread:12103] [httpserver.cpp:32 Message()] [DEBUG] From 127.0.0.1:41748 get message:
GET /Resource/JS/Login.js HTTP/1.1
Host: 127.0.0.1:8000
Connection: keep-alive
Pragma: no-cache
Cache-Control: no-cache
sec-ch-ua: " Not A;Brand";v="99", "Chromium";v="101", "Google Chrome";v="101"
sec-ch-ua-mobile: ?0
User-Agent: Mozilla/5.0 (X11; Linux x86_64) AppleWebKit/537.36 (KHTML, like Gecko) Chrome/101.0.0.0 Safari/537.36
sec-ch-ua-platform: "Linux"
Accept: */*
Sec-Fetch-Site: same-origin
Sec-Fetch-Mode: no-cors
Sec-Fetch-Dest: script
Referer: http://127.0.0.1:8000/Video/Video.html
Accept-Encoding: gzip, deflate, br
Accept-Language: en-US,en;q=0.9,zh-CN;q=0.8,zh;q=0.7


[2022-06-17 19:31:55.442] [Thread:12106] [httpprocess.cpp:41 Get_process()] [DEBUG] File:/home/nefertarii/vscode/CPP_Server/HTML/Resource/JS/Login.js
[2022-06-17 19:31:55.442] [Thread:12105] [httpprocess.cpp:41 Get_process()] [DEBUG] File:/home/nefertarii/vscode/CPP_Server/HTML/Resource/JS/Bgstar.js
[2022-06-17 19:31:55.442] [Thread:12106] [httpprocess.cpp:384 Request_process()] [INFO] 127.0.0.1:41748 Request processed successfully.
[2022-06-17 19:31:55.442] [Thread:12105] [httpprocess.cpp:384 Request_process()] [INFO] 127.0.0.1:41746 Request processed successfully.
[2022-06-17 19:31:55.643] [Thread:12103] [tcpconnection.cpp:60 Handle_close()] [INFO] Channel fd:21 state:connected
[2022-06-17 19:31:55.643] [Thread:12103] [poller.cpp:104 Update_channel()] [DEBUG] fd = 21 events = 0 index = 1
[2022-06-17 19:31:55.643] [Thread:12103] [tcpserver.cpp:39 Remove_connection_in_loop()] [INFO] Remove [webserver] connection webserver-#30
[2022-06-17 19:31:55.643] [Thread:12103] [poller.cpp:136 Remove_channel()] [INFO] Remove fd:21
[2022-06-17 19:31:55.643] [Thread:12103] [tcpconnection.cpp:383 ~TcpConnection()] [INFO] TcpConnection[webserver-#30] dtor at 0x55b3a1d825d0 fd:21 state:disconnected
[2022-06-17 19:31:55.645] [Thread:12103] [tcpserver.cpp:18 New_connection()] [INFO] New_connection webserver] new connection [webserver-#36] from127.0.0.1:41750
[2022-06-17 19:31:55.645] [Thread:12103] [poller.cpp:104 Update_channel()] [DEBUG] fd = 21 events = 3 index = -1
[2022-06-17 19:31:55.645] [Thread:12103] [httpserver.cpp:19 Connection()] [INFO] Get connection
[2022-06-17 19:31:55.645] [Thread:12107] [httpprocess.cpp:41 Get_process()] [DEBUG] File:/home/nefertarii/vscode/CPP_Server/HTML/Resource/Video/Foeversea.mp4
[2022-06-17 19:31:55.645] [Thread:12107] [httpprocess.cpp:384 Request_process()] [INFO] 127.0.0.1:41750 Request processed successfully.
[2022-06-17 19:31:55.645] [Thread:12103] [httpserver.cpp:32 Message()] [DEBUG] From 127.0.0.1:41750 get message:
GET /Resource/Video/Foeversea.mp4 HTTP/1.1
Host: 127.0.0.1:8000
Connection: keep-alive
Pragma: no-cache
Cache-Control: no-cache
sec-ch-ua: " Not A;Brand";v="99", "Chromium";v="101", "Google Chrome";v="101"
Accept-Encoding: identity;q=1, *;q=0
sec-ch-ua-mobile: ?0
User-Agent: Mozilla/5.0 (X11; Linux x86_64) AppleWebKit/537.36 (KHTML, like Gecko) Chrome/101.0.0.0 Safari/537.36
sec-ch-ua-platform: "Linux"
Accept: */*
Sec-Fetch-Site: same-origin
Sec-Fetch-Mode: no-cors
Sec-Fetch-Dest: video
Referer: http://127.0.0.1:8000/Video/Video.html
Accept-Language: en-US,en;q=0.9,zh-CN;q=0.8,zh;q=0.7
Range: bytes=0-


[2022-06-17 19:31:55.649] [Thread:12103] [tcpconnection.cpp:60 Handle_close()] [INFO] Channel fd:24 state:connected
[2022-06-17 19:31:55.649] [Thread:12103] [poller.cpp:104 Update_channel()] [DEBUG] fd = 24 events = 0 index = 1
[2022-06-17 19:31:55.649] [Thread:12103] [tcpserver.cpp:39 Remove_connection_in_loop()] [INFO] Remove [webserver] connection webserver-#34
[2022-06-17 19:31:55.649] [Thread:12103] [poller.cpp:136 Remove_channel()] [INFO] Remove fd:24
[2022-06-17 19:31:55.650] [Thread:12103] [tcpconnection.cpp:383 ~TcpConnection()] [INFO] TcpConnection[webserver-#34] dtor at 0x55b3a1d79530 fd:24 state:disconnected
[2022-06-17 19:31:55.651] [Thread:12103] [tcpconnection.cpp:60 Handle_close()] [INFO] Channel fd:25 state:connected
[2022-06-17 19:31:55.651] [Thread:12103] [poller.cpp:104 Update_channel()] [DEBUG] fd = 25 events = 0 index = 1
[2022-06-17 19:31:55.651] [Thread:12103] [tcpserver.cpp:39 Remove_connection_in_loop()] [INFO] Remove [webserver] connection webserver-#35
[2022-06-17 19:31:55.651] [Thread:12103] [poller.cpp:136 Remove_channel()] [INFO] Remove fd:25
[2022-06-17 19:31:55.651] [Thread:12103] [tcpconnection.cpp:383 ~TcpConnection()] [INFO] TcpConnection[webserver-#35] dtor at 0x55b3a1d82e90 fd:25 state:disconnected
[2022-06-17 19:31:55.651] [Thread:12103] [tcpconnection.cpp:60 Handle_close()] [INFO] Channel fd:23 state:connected
[2022-06-17 19:31:55.651] [Thread:12103] [poller.cpp:104 Update_channel()] [DEBUG] fd = 23 events = 0 index = 1
[2022-06-17 19:31:55.651] [Thread:12103] [tcpserver.cpp:39 Remove_connection_in_loop()] [INFO] Remove [webserver] connection webserver-#33
[2022-06-17 19:31:55.651] [Thread:12103] [poller.cpp:136 Remove_channel()] [INFO] Remove fd:23
[2022-06-17 19:31:55.651] [Thread:12103] [tcpconnection.cpp:383 ~TcpConnection()] [INFO] TcpConnection[webserver-#33] dtor at 0x55b3a1d7b300 fd:23 state:disconnected
[2022-06-17 19:31:55.651] [Thread:12103] [tcpconnection.cpp:60 Handle_close()] [INFO] Channel fd:22 state:connected
[2022-06-17 19:31:55.651] [Thread:12103] [poller.cpp:104 Update_channel()] [DEBUG] fd = 22 events = 0 index = 1
[2022-06-17 19:31:55.651] [Thread:12103] [tcpserver.cpp:39 Remove_connection_in_loop()] [INFO] Remove [webserver] connection webserver-#32
[2022-06-17 19:31:55.651] [Thread:12103] [poller.cpp:136 Remove_channel()] [INFO] Remove fd:22
[2022-06-17 19:31:55.651] [Thread:12103] [tcpconnection.cpp:383 ~TcpConnection()] [INFO] TcpConnection[webserver-#32] dtor at 0x55b3a1d835e0 fd:22 state:disconnected
[2022-06-17 19:31:55.652] [Thread:12103] [tcpconnection.cpp:60 Handle_close()] [INFO] Channel fd:20 state:connected
[2022-06-17 19:31:55.652] [Thread:12103] [poller.cpp:104 Update_channel()] [DEBUG] fd = 20 events = 0 index = 1
[2022-06-17 19:31:55.652] [Thread:12103] [tcpserver.cpp:39 Remove_connection_in_loop()] [INFO] Remove [webserver] connection webserver-#31
[2022-06-17 19:31:55.652] [Thread:12103] [poller.cpp:136 Remove_channel()] [INFO] Remove fd:20
[2022-06-17 19:31:55.652] [Thread:12103] [tcpconnection.cpp:383 ~TcpConnection()] [INFO] TcpConnection[webserver-#31] dtor at 0x55b3a1d84120 fd:20 state:disconnected
[2022-06-17 19:31:55.658] [Thread:12103] [tcpserver.cpp:18 New_connection()] [INFO] New_connection webserver] new connection [webserver-#37] from127.0.0.1:41752
[2022-06-17 19:31:55.658] [Thread:12103] [poller.cpp:104 Update_channel()] [DEBUG] fd = 20 events = 3 index = -1
[2022-06-17 19:31:55.658] [Thread:12103] [httpserver.cpp:19 Connection()] [INFO] Get connection
[2022-06-17 19:31:55.661] [Thread:12103] [httpserver.cpp:32 Message()] [DEBUG] From 127.0.0.1:41752 get message:
GET /Resource/CSS/Color.css HTTP/1.1
Host: 127.0.0.1:8000
Connection: keep-alive
Pragma: no-cache
Cache-Control: no-cache
sec-ch-ua: " Not A;Brand";v="99", "Chromium";v="101", "Google Chrome";v="101"
sec-ch-ua-mobile: ?0
User-Agent: Mozilla/5.0 (X11; Linux x86_64) AppleWebKit/537.36 (KHTML, like Gecko) Chrome/101.0.0.0 Safari/537.36
sec-ch-ua-platform: "Linux"
Accept: text/css,*/*;q=0.1
Sec-Fetch-Site: same-origin
Sec-Fetch-Mode: no-cors
Sec-Fetch-Dest: style
Referer: http://127.0.0.1:8000/Resource/CSS/Background.css
Accept-Encoding: gzip, deflate, br
Accept-Language: en-US,en;q=0.9,zh-CN;q=0.8,zh;q=0.7


[2022-06-17 19:31:55.661] [Thread:12104] [httpprocess.cpp:41 Get_process()] [DEBUG] File:/home/nefertarii/vscode/CPP_Server/HTML/Resource/CSS/Color.css
[2022-06-17 19:31:55.662] [Thread:12104] [httpprocess.cpp:384 Request_process()] [INFO] 127.0.0.1:41752 Request processed successfully.
[2022-06-17 19:31:55.670] [Thread:12103] [tcpconnection.cpp:60 Handle_close()] [INFO] Channel fd:21 state:connected
[2022-06-17 19:31:55.670] [Thread:12103] [poller.cpp:104 Update_channel()] [DEBUG] fd = 21 events = 0 index = 1
[2022-06-17 19:31:55.670] [Thread:12103] [tcpserver.cpp:39 Remove_connection_in_loop()] [INFO] Remove [webserver] connection webserver-#36
[2022-06-17 19:31:55.670] [Thread:12103] [poller.cpp:136 Remove_channel()] [INFO] Remove fd:21
[2022-06-17 19:31:55.670] [Thread:12103] [tcpconnection.cpp:383 ~TcpConnection()] [INFO] TcpConnection[webserver-#36] dtor at 0x55b3a1d825d0 fd:21 state:disconnected
[2022-06-17 19:31:55.868] [Thread:12103] [tcpconnection.cpp:60 Handle_close()] [INFO] Channel fd:20 state:connected
[2022-06-17 19:31:55.868] [Thread:12103] [poller.cpp:104 Update_channel()] [DEBUG] fd = 20 events = 0 index = 1
[2022-06-17 19:31:55.868] [Thread:12103] [tcpserver.cpp:39 Remove_connection_in_loop()] [INFO] Remove [webserver] connection webserver-#37
[2022-06-17 19:31:55.868] [Thread:12103] [poller.cpp:136 Remove_channel()] [INFO] Remove fd:20
[2022-06-17 19:31:55.868] [Thread:12103] [tcpconnection.cpp:383 ~TcpConnection()] [INFO] TcpConnection[webserver-#37] dtor at 0x55b3a1d84120 fd:20 state:disconnected
[2022-06-17 19:31:55.874] [Thread:12103] [tcpserver.cpp:18 New_connection()] [INFO] New_connection webserver] new connection [webserver-#38] from127.0.0.1:41754
[2022-06-17 19:31:55.874] [Thread:12103] [poller.cpp:104 Update_channel()] [DEBUG] fd = 20 events = 3 index = -1
[2022-06-17 19:31:55.874] [Thread:12103] [httpserver.cpp:19 Connection()] [INFO] Get connection
[2022-06-17 19:31:55.874] [Thread:12105] [httpprocess.cpp:41 Get_process()] [DEBUG] File:/home/nefertarii/vscode/CPP_Server/HTML/Resource/Image/svg/glow.svg
[2022-06-17 19:31:55.875] [Thread:12105] [httpprocess.cpp:384 Request_process()] [INFO] 127.0.0.1:41754 Request processed successfully.
[2022-06-17 19:31:55.875] [Thread:12103] [httpserver.cpp:32 Message()] [DEBUG] From 127.0.0.1:41754 get message:
GET /Resource/Image/svg/glow.svg HTTP/1.1
Host: 127.0.0.1:8000
Connection: keep-alive
Pragma: no-cache
Cache-Control: no-cache
sec-ch-ua: " Not A;Brand";v="99", "Chromium";v="101", "Google Chrome";v="101"
sec-ch-ua-mobile: ?0
User-Agent: Mozilla/5.0 (X11; Linux x86_64) AppleWebKit/537.36 (KHTML, like Gecko) Chrome/101.0.0.0 Safari/537.36
sec-ch-ua-platform: "Linux"
Accept: image/avif,image/webp,image/apng,image/svg+xml,image/*,*/*;q=0.8
Sec-Fetch-Site: same-origin
Sec-Fetch-Mode: no-cors
Sec-Fetch-Dest: image
Referer: http://127.0.0.1:8000/Resource/CSS/Background.css
Accept-Encoding: gzip, deflate, br
Accept-Language: en-US,en;q=0.9,zh-CN;q=0.8,zh;q=0.7


[2022-06-17 19:31:55.876] [Thread:12103] [tcpserver.cpp:18 New_connection()] [INFO] New_connection webserver] new connection [webserver-#39] from127.0.0.1:41756
[2022-06-17 19:31:55.877] [Thread:12103] [poller.cpp:104 Update_channel()] [DEBUG] fd = 21 events = 3 index = -1
[2022-06-17 19:31:55.877] [Thread:12103] [httpserver.cpp:19 Connection()] [INFO] Get connection
[2022-06-17 19:31:55.877] [Thread:12106] [httpprocess.cpp:41 Get_process()] [DEBUG] File:/home/nefertarii/vscode/CPP_Server/HTML/Resource/Image/png/logo_64.png
[2022-06-17 19:31:55.877] [Thread:12106] [httpprocess.cpp:384 Request_process()] [INFO] 127.0.0.1:41756 Request processed successfully.
[2022-06-17 19:31:55.877] [Thread:12103] [httpserver.cpp:32 Message()] [DEBUG] From 127.0.0.1:41756 get message:
GET /Resource/Image/png/logo_64.png HTTP/1.1
Host: 127.0.0.1:8000
Connection: keep-alive
Pragma: no-cache
Cache-Control: no-cache
sec-ch-ua: " Not A;Brand";v="99", "Chromium";v="101", "Google Chrome";v="101"
sec-ch-ua-mobile: ?0
User-Agent: Mozilla/5.0 (X11; Linux x86_64) AppleWebKit/537.36 (KHTML, like Gecko) Chrome/101.0.0.0 Safari/537.36
sec-ch-ua-platform: "Linux"
Accept: image/avif,image/webp,image/apng,image/svg+xml,image/*,*/*;q=0.8
Sec-Fetch-Site: same-origin
Sec-Fetch-Mode: no-cors
Sec-Fetch-Dest: image
Referer: http://127.0.0.1:8000/Resource/CSS/Followleft.css
Accept-Encoding: gzip, deflate, br
Accept-Language: en-US,en;q=0.9,zh-CN;q=0.8,zh;q=0.7


[2022-06-17 19:31:56.083] [Thread:12103] [tcpconnection.cpp:60 Handle_close()] [INFO] Channel fd:20 state:connected
