[2022-05-23 16:23:58.875] [Thread:5053] [poller.cpp:103 Update_channel()] [DEBUG] fd = 5 events = 3 index = -1
[2022-05-23 16:23:58.875] [Thread:5053] [poller.cpp:54 Update()] [DEBUG] epoll_ctl op:Epoll add fd:5 event:5
[2022-05-23 16:23:58.875] [Thread:5053] [eventloop.cpp:70 EventLoop()] [INFO] EventLoop created:0x7fffa1a4d9c0 in thread:5053
[2022-05-23 16:23:58.875] [Thread:5053] [poller.cpp:103 Update_channel()] [DEBUG] fd = 3 events = 3 index = -1
[2022-05-23 16:23:58.875] [Thread:5053] [poller.cpp:54 Update()] [DEBUG] epoll_ctl op:Epoll add fd:3 event:3
[2022-05-23 16:23:58.875] [Thread:5053] [poller.cpp:103 Update_channel()] [DEBUG] fd = 6 events = 3 index = -1
[2022-05-23 16:23:58.875] [Thread:5053] [poller.cpp:54 Update()] [DEBUG] epoll_ctl op:Epoll add fd:6 event:6
[2022-05-23 16:23:58.875] [Thread:5053] [thread.cpp:31 Thread()] [INFO] Thread: httpserver0 Create
[2022-05-23 16:23:58.875] [Thread:5053] [thread.cpp:41 Start()] [INFO] thread:0 start
[2022-05-23 16:23:58.875] [Thread:5072] [poller.cpp:103 Update_channel()] [DEBUG] fd = 10 events = 3 index = -1
[2022-05-23 16:23:58.876] [Thread:5072] [poller.cpp:54 Update()] [DEBUG] epoll_ctl op:Epoll add fd:10 event:10
[2022-05-23 16:23:58.876] [Thread:5072] [eventloop.cpp:70 EventLoop()] [INFO] EventLoop created:0x7f49792cfae0 in thread:5072
[2022-05-23 16:23:58.876] [Thread:5072] [poller.cpp:103 Update_channel()] [DEBUG] fd = 8 events = 3 index = -1
[2022-05-23 16:23:58.876] [Thread:5072] [poller.cpp:54 Update()] [DEBUG] epoll_ctl op:Epoll add fd:8 event:8
[2022-05-23 16:23:58.876] [Thread:5053] [thread.cpp:31 Thread()] [INFO] Thread: httpserver1 Create
[2022-05-23 16:23:58.876] [Thread:5053] [thread.cpp:41 Start()] [INFO] thread:0 start
[2022-05-23 16:23:58.876] [Thread:5073] [poller.cpp:103 Update_channel()] [DEBUG] fd = 13 events = 3 index = -1
[2022-05-23 16:23:58.876] [Thread:5073] [poller.cpp:54 Update()] [DEBUG] epoll_ctl op:Epoll add fd:13 event:13
[2022-05-23 16:23:58.876] [Thread:5073] [eventloop.cpp:70 EventLoop()] [INFO] EventLoop created:0x7f4978aceae0 in thread:5073
[2022-05-23 16:23:58.876] [Thread:5073] [poller.cpp:103 Update_channel()] [DEBUG] fd = 11 events = 3 index = -1
[2022-05-23 16:23:58.876] [Thread:5073] [poller.cpp:54 Update()] [DEBUG] epoll_ctl op:Epoll add fd:11 event:11
[2022-05-23 16:23:58.876] [Thread:5053] [thread.cpp:31 Thread()] [INFO] Thread: httpserver2 Create
[2022-05-23 16:23:58.876] [Thread:5053] [thread.cpp:41 Start()] [INFO] thread:0 start
[2022-05-23 16:23:58.876] [Thread:5074] [poller.cpp:103 Update_channel()] [DEBUG] fd = 16 events = 3 index = -1
[2022-05-23 16:23:58.876] [Thread:5074] [poller.cpp:54 Update()] [DEBUG] epoll_ctl op:Epoll add fd:16 event:16
[2022-05-23 16:23:58.876] [Thread:5074] [eventloop.cpp:70 EventLoop()] [INFO] EventLoop created:0x7f4973feeae0 in thread:5074
[2022-05-23 16:23:58.876] [Thread:5074] [poller.cpp:103 Update_channel()] [DEBUG] fd = 14 events = 3 index = -1
[2022-05-23 16:23:58.876] [Thread:5074] [poller.cpp:54 Update()] [DEBUG] epoll_ctl op:Epoll add fd:14 event:14
[2022-05-23 16:23:58.876] [Thread:5053] [thread.cpp:31 Thread()] [INFO] Thread: httpserver3 Create
[2022-05-23 16:23:58.876] [Thread:5053] [thread.cpp:41 Start()] [INFO] thread:0 start
[2022-05-23 16:23:58.877] [Thread:5075] [poller.cpp:103 Update_channel()] [DEBUG] fd = 19 events = 3 index = -1
[2022-05-23 16:23:58.877] [Thread:5075] [poller.cpp:54 Update()] [DEBUG] epoll_ctl op:Epoll add fd:19 event:19
[2022-05-23 16:23:58.877] [Thread:5075] [eventloop.cpp:70 EventLoop()] [INFO] EventLoop created:0x7f49737edae0 in thread:5075
[2022-05-23 16:23:58.877] [Thread:5075] [poller.cpp:103 Update_channel()] [DEBUG] fd = 17 events = 3 index = -1
[2022-05-23 16:23:58.877] [Thread:5075] [poller.cpp:54 Update()] [DEBUG] epoll_ctl op:Epoll add fd:17 event:17
[2022-05-23 16:23:58.877] [Thread:5053] [httpserver.cpp:433 Start()] [INFO] HttpServer [httpserver] starts listening on 127.0.0.1:8000
[2022-05-23 16:24:03.877] [Thread:5053] [poller.cpp:77 Poll()] [DEBUG] num_events total count:0
[2022-05-23 16:24:03.877] [Thread:5053] [poller.cpp:85 Poll()] [DEBUG] Nothing happend.
[2022-05-23 16:24:03.881] [Thread:5072] [poller.cpp:77 Poll()] [DEBUG] num_events total count:0
[2022-05-23 16:24:03.881] [Thread:5072] [poller.cpp:85 Poll()] [DEBUG] Nothing happend.
[2022-05-23 16:24:03.881] [Thread:5074] [poller.cpp:77 Poll()] [DEBUG] num_events total count:0
[2022-05-23 16:24:03.882] [Thread:5074] [poller.cpp:85 Poll()] [DEBUG] Nothing happend.
[2022-05-23 16:24:03.881] [Thread:5075] [poller.cpp:77 Poll()] [DEBUG] num_events total count:0
[2022-05-23 16:24:03.882] [Thread:5075] [poller.cpp:85 Poll()] [DEBUG] Nothing happend.
[2022-05-23 16:24:03.881] [Thread:5073] [poller.cpp:77 Poll()] [DEBUG] num_events total count:0
[2022-05-23 16:24:03.882] [Thread:5073] [poller.cpp:85 Poll()] [DEBUG] Nothing happend.
[2022-05-23 16:24:08.882] [Thread:5053] [poller.cpp:77 Poll()] [DEBUG] num_events total count:0
[2022-05-23 16:24:08.882] [Thread:5053] [poller.cpp:85 Poll()] [DEBUG] Nothing happend.
[2022-05-23 16:24:08.886] [Thread:5072] [poller.cpp:77 Poll()] [DEBUG] num_events total count:0
[2022-05-23 16:24:08.886] [Thread:5072] [poller.cpp:85 Poll()] [DEBUG] Nothing happend.
[2022-05-23 16:24:08.886] [Thread:5074] [poller.cpp:77 Poll()] [DEBUG] num_events total count:0
[2022-05-23 16:24:08.886] [Thread:5074] [poller.cpp:85 Poll()] [DEBUG] Nothing happend.
[2022-05-23 16:24:08.886] [Thread:5073] [poller.cpp:77 Poll()] [DEBUG] num_events total count:0
[2022-05-23 16:24:08.886] [Thread:5073] [poller.cpp:85 Poll()] [DEBUG] Nothing happend.
[2022-05-23 16:24:08.886] [Thread:5075] [poller.cpp:77 Poll()] [DEBUG] num_events total count:0
[2022-05-23 16:24:08.886] [Thread:5075] [poller.cpp:85 Poll()] [DEBUG] Nothing happend.
[2022-05-23 16:24:13.888] [Thread:5053] [poller.cpp:77 Poll()] [DEBUG] num_events total count:0
[2022-05-23 16:24:13.888] [Thread:5053] [poller.cpp:85 Poll()] [DEBUG] Nothing happend.
[2022-05-23 16:24:13.889] [Thread:5074] [poller.cpp:77 Poll()] [DEBUG] num_events total count:0
[2022-05-23 16:24:13.889] [Thread:5074] [poller.cpp:85 Poll()] [DEBUG] Nothing happend.
[2022-05-23 16:24:13.889] [Thread:5072] [poller.cpp:77 Poll()] [DEBUG] num_events total count:0
[2022-05-23 16:24:13.889] [Thread:5072] [poller.cpp:85 Poll()] [DEBUG] Nothing happend.
[2022-05-23 16:24:13.889] [Thread:5073] [poller.cpp:77 Poll()] [DEBUG] num_events total count:0
[2022-05-23 16:24:13.889] [Thread:5073] [poller.cpp:85 Poll()] [DEBUG] Nothing happend.
[2022-05-23 16:24:13.890] [Thread:5075] [poller.cpp:77 Poll()] [DEBUG] num_events total count:0
[2022-05-23 16:24:13.890] [Thread:5075] [poller.cpp:85 Poll()] [DEBUG] Nothing happend.
[2022-05-23 16:24:14.133] [Thread:5053] [poller.cpp:77 Poll()] [DEBUG] num_events total count:1
[2022-05-23 16:24:14.133] [Thread:5053] [poller.cpp:82 Poll()] [DEBUG] 1 events happended.
[2022-05-23 16:24:14.133] [Thread:5053] [tcpserver.cpp:18 New_connection()] [INFO] New_connection httpserver] new connection [httpserver-#1] from127.0.0.1:55364
[2022-05-23 16:24:14.133] [Thread:5053] [poller.cpp:103 Update_channel()] [DEBUG] fd = 20 events = 3 index = -1
[2022-05-23 16:24:14.133] [Thread:5053] [poller.cpp:54 Update()] [DEBUG] epoll_ctl op:Epoll add fd:20 event:20
[2022-05-23 16:24:14.133] [Thread:5053] [httpserver.cpp:373 Connection()] [INFO] Get connection
[2022-05-23 16:24:14.134] [Thread:5053] [poller.cpp:77 Poll()] [DEBUG] num_events total count:1
[2022-05-23 16:24:14.134] [Thread:5053] [poller.cpp:82 Poll()] [DEBUG] 1 events happended.
[2022-05-23 16:24:14.134] [Thread:5053] [tcpserver.cpp:18 New_connection()] [INFO] New_connection httpserver] new connection [httpserver-#2] from127.0.0.1:55366
[2022-05-23 16:24:14.134] [Thread:5053] [poller.cpp:103 Update_channel()] [DEBUG] fd = 21 events = 3 index = -1
[2022-05-23 16:24:14.134] [Thread:5053] [poller.cpp:54 Update()] [DEBUG] epoll_ctl op:Epoll add fd:21 event:21
[2022-05-23 16:24:14.134] [Thread:5053] [httpserver.cpp:373 Connection()] [INFO] Get connection
[2022-05-23 16:24:18.868] [Thread:5053] [poller.cpp:77 Poll()] [DEBUG] num_events total count:2
[2022-05-23 16:24:18.868] [Thread:5053] [poller.cpp:82 Poll()] [DEBUG] 2 events happended.
[2022-05-23 16:24:18.868] [Thread:5053] [tcpconnection.cpp:60 Handle_close()] [INFO] Channel fd:20 state:connected
[2022-05-23 16:24:18.868] [Thread:5053] [poller.cpp:103 Update_channel()] [DEBUG] fd = 20 events = 0 index = 1
[2022-05-23 16:24:18.868] [Thread:5053] [poller.cpp:54 Update()] [DEBUG] epoll_ctl op:Epoll del fd:20 event:20
[2022-05-23 16:24:18.868] [Thread:5053] [tcpserver.cpp:39 Remove_connection_in_loop()] [INFO] Remove [httpserver] connection httpserver-#1
[2022-05-23 16:24:18.868] [Thread:5053] [tcpconnection.cpp:60 Handle_close()] [INFO] Channel fd:21 state:connected
[2022-05-23 16:24:18.868] [Thread:5053] [poller.cpp:103 Update_channel()] [DEBUG] fd = 21 events = 0 index = 1
[2022-05-23 16:24:18.868] [Thread:5053] [poller.cpp:54 Update()] [DEBUG] epoll_ctl op:Epoll del fd:21 event:21
[2022-05-23 16:24:18.868] [Thread:5053] [tcpserver.cpp:39 Remove_connection_in_loop()] [INFO] Remove [httpserver] connection httpserver-#2
[2022-05-23 16:24:18.868] [Thread:5053] [poller.cpp:135 Remove_channel()] [INFO] Remove fd:20
[2022-05-23 16:24:18.868] [Thread:5053] [poller.cpp:135 Remove_channel()] [INFO] Remove fd:21
[2022-05-23 16:24:18.868] [Thread:5053] [tcpconnection.cpp:383 ~TcpConnection()] [INFO] TcpConnection[httpserver-#1] dtor at 0x5646ebb12ca0 fd:20 state:disconnected
[2022-05-23 16:24:18.868] [Thread:5053] [tcpconnection.cpp:383 ~TcpConnection()] [INFO] TcpConnection[httpserver-#2] dtor at 0x5646ebb132f0 fd:21 state:disconnected
[2022-05-23 16:24:18.893] [Thread:5074] [poller.cpp:77 Poll()] [DEBUG] num_events total count:0
[2022-05-23 16:24:18.893] [Thread:5074] [poller.cpp:85 Poll()] [DEBUG] Nothing happend.
[2022-05-23 16:24:18.893] [Thread:5075] [poller.cpp:77 Poll()] [DEBUG] num_events total count:0
[2022-05-23 16:24:18.893] [Thread:5075] [poller.cpp:85 Poll()] [DEBUG] Nothing happend.
[2022-05-23 16:24:18.894] [Thread:5072] [poller.cpp:77 Poll()] [DEBUG] num_events total count:0
[2022-05-23 16:24:18.894] [Thread:5072] [poller.cpp:85 Poll()] [DEBUG] Nothing happend.
[2022-05-23 16:24:18.894] [Thread:5073] [poller.cpp:77 Poll()] [DEBUG] num_events total count:0
[2022-05-23 16:24:18.894] [Thread:5073] [poller.cpp:85 Poll()] [DEBUG] Nothing happend.
[2022-05-23 16:24:23.872] [Thread:5053] [poller.cpp:77 Poll()] [DEBUG] num_events total count:0
[2022-05-23 16:24:23.872] [Thread:5053] [poller.cpp:85 Poll()] [DEBUG] Nothing happend.
[2022-05-23 16:24:23.898] [Thread:5074] [poller.cpp:77 Poll()] [DEBUG] num_events total count:0
[2022-05-23 16:24:23.898] [Thread:5074] [poller.cpp:85 Poll()] [DEBUG] Nothing happend.
[2022-05-23 16:24:23.898] [Thread:5072] [poller.cpp:77 Poll()] [DEBUG] num_events total count:0
[2022-05-23 16:24:23.898] [Thread:5072] [poller.cpp:85 Poll()] [DEBUG] Nothing happend.
[2022-05-23 16:24:23.898] [Thread:5073] [poller.cpp:77 Poll()] [DEBUG] num_events total count:0
[2022-05-23 16:24:23.898] [Thread:5073] [poller.cpp:85 Poll()] [DEBUG] Nothing happend.
[2022-05-23 16:24:23.898] [Thread:5075] [poller.cpp:77 Poll()] [DEBUG] num_events total count:0
[2022-05-23 16:24:23.898] [Thread:5075] [poller.cpp:85 Poll()] [DEBUG] Nothing happend.
[2022-05-23 16:24:28.873] [Thread:5053] [poller.cpp:77 Poll()] [DEBUG] num_events total count:0
[2022-05-23 16:24:28.874] [Thread:5053] [poller.cpp:85 Poll()] [DEBUG] Nothing happend.
[2022-05-23 16:24:28.901] [Thread:5072] [poller.cpp:77 Poll()] [DEBUG] num_events total count:0
[2022-05-23 16:24:28.901] [Thread:5072] [poller.cpp:85 Poll()] [DEBUG] Nothing happend.
[2022-05-23 16:24:28.901] [Thread:5075] [poller.cpp:77 Poll()] [DEBUG] num_events total count:0
[2022-05-23 16:24:28.901] [Thread:5075] [poller.cpp:85 Poll()] [DEBUG] Nothing happend.
[2022-05-23 16:24:28.901] [Thread:5074] [poller.cpp:77 Poll()] [DEBUG] num_events total count:0
[2022-05-23 16:24:28.902] [Thread:5074] [poller.cpp:85 Poll()] [DEBUG] Nothing happend.
[2022-05-23 16:24:28.901] [Thread:5073] [poller.cpp:77 Poll()] [DEBUG] num_events total count:0
[2022-05-23 16:24:28.902] [Thread:5073] [poller.cpp:85 Poll()] [DEBUG] Nothing happend.
[2022-05-23 16:24:33.879] [Thread:5053] [poller.cpp:77 Poll()] [DEBUG] num_events total count:0
[2022-05-23 16:24:33.879] [Thread:5053] [poller.cpp:85 Poll()] [DEBUG] Nothing happend.
[2022-05-23 16:24:33.906] [Thread:5072] [poller.cpp:77 Poll()] [DEBUG] num_events total count:0
[2022-05-23 16:24:33.906] [Thread:5072] [poller.cpp:85 Poll()] [DEBUG] Nothing happend.
[2022-05-23 16:24:33.906] [Thread:5073] [poller.cpp:77 Poll()] [DEBUG] num_events total count:0
[2022-05-23 16:24:33.906] [Thread:5073] [poller.cpp:85 Poll()] [DEBUG] Nothing happend.
[2022-05-23 16:24:33.907] [Thread:5074] [poller.cpp:77 Poll()] [DEBUG] num_events total count:0
[2022-05-23 16:24:33.907] [Thread:5074] [poller.cpp:85 Poll()] [DEBUG] Nothing happend.
[2022-05-23 16:24:33.907] [Thread:5075] [poller.cpp:77 Poll()] [DEBUG] num_events total count:0
[2022-05-23 16:24:33.907] [Thread:5075] [poller.cpp:85 Poll()] [DEBUG] Nothing happend.
[2022-05-23 16:24:38.885] [Thread:5053] [poller.cpp:77 Poll()] [DEBUG] num_events total count:0
[2022-05-23 16:24:38.885] [Thread:5053] [poller.cpp:85 Poll()] [DEBUG] Nothing happend.
[2022-05-23 16:24:38.912] [Thread:5073] [poller.cpp:77 Poll()] [DEBUG] num_events total count:0
[2022-05-23 16:24:38.912] [Thread:5072] [poller.cpp:77 Poll()] [DEBUG] num_events total count:0
[2022-05-23 16:24:38.912] [Thread:5072] [poller.cpp:85 Poll()] [DEBUG] Nothing happend.
[2022-05-23 16:24:38.912] [Thread:5074] [poller.cpp:77 Poll()] [DEBUG] num_events total count:0
[2022-05-23 16:24:38.912] [Thread:5074] [poller.cpp:85 Poll()] [DEBUG] Nothing happend.
[2022-05-23 16:24:38.912] [Thread:5073] [poller.cpp:85 Poll()] [DEBUG] Nothing happend.
[2022-05-23 16:24:38.913] [Thread:5075] [poller.cpp:77 Poll()] [DEBUG] num_events total count:0
[2022-05-23 16:24:38.913] [Thread:5075] [poller.cpp:85 Poll()] [DEBUG] Nothing happend.
[2022-05-23 16:24:43.890] [Thread:5053] [poller.cpp:77 Poll()] [DEBUG] num_events total count:0
[2022-05-23 16:24:43.890] [Thread:5053] [poller.cpp:85 Poll()] [DEBUG] Nothing happend.
[2022-05-23 16:24:43.913] [Thread:5074] [poller.cpp:77 Poll()] [DEBUG] num_events total count:0
[2022-05-23 16:24:43.913] [Thread:5074] [poller.cpp:85 Poll()] [DEBUG] Nothing happend.
[2022-05-23 16:24:43.913] [Thread:5072] [poller.cpp:77 Poll()] [DEBUG] num_events total count:0
[2022-05-23 16:24:43.913] [Thread:5072] [poller.cpp:85 Poll()] [DEBUG] Nothing happend.
[2022-05-23 16:24:43.913] [Thread:5073] [poller.cpp:77 Poll()] [DEBUG] num_events total count:0
[2022-05-23 16:24:43.913] [Thread:5073] [poller.cpp:85 Poll()] [DEBUG] Nothing happend.
[2022-05-23 16:24:43.918] [Thread:5075] [poller.cpp:77 Poll()] [DEBUG] num_events total count:0
[2022-05-23 16:24:43.918] [Thread:5075] [poller.cpp:85 Poll()] [DEBUG] Nothing happend.
[2022-05-23 16:24:48.895] [Thread:5053] [poller.cpp:77 Poll()] [DEBUG] num_events total count:0
[2022-05-23 16:24:48.895] [Thread:5053] [poller.cpp:85 Poll()] [DEBUG] Nothing happend.
[2022-05-23 16:24:48.917] [Thread:5072] [poller.cpp:77 Poll()] [DEBUG] num_events total count:0
[2022-05-23 16:24:48.917] [Thread:5072] [poller.cpp:85 Poll()] [DEBUG] Nothing happend.
[2022-05-23 16:24:48.917] [Thread:5074] [poller.cpp:77 Poll()] [DEBUG] num_events total count:0
[2022-05-23 16:24:48.917] [Thread:5074] [poller.cpp:85 Poll()] [DEBUG] Nothing happend.
[2022-05-23 16:24:48.917] [Thread:5073] [poller.cpp:77 Poll()] [DEBUG] num_events total count:0
[2022-05-23 16:24:48.917] [Thread:5073] [poller.cpp:85 Poll()] [DEBUG] Nothing happend.
[2022-05-23 16:24:48.921] [Thread:5075] [poller.cpp:77 Poll()] [DEBUG] num_events total count:0
[2022-05-23 16:24:48.921] [Thread:5075] [poller.cpp:85 Poll()] [DEBUG] Nothing happend.
